../Core/Src/main.c:77:5:main	8	static
../Core/Src/main.c:128:6:SystemClock_Config	88	static
../Core/Src/main.c:175:13:MX_QUADSPI_Init	8	static
../Core/Src/main.c:210:13:MX_SPI1_Init	8	static
../Core/Src/main.c:248:13:MX_SPI2_Init	8	static
../Core/Src/main.c:286:13:MX_TIM3_Init	48	static
../Core/Src/main.c:339:13:MX_USB_OTG_FS_PCD_Init	8	static
../Core/Src/main.c:374:13:MX_GPIO_Init	48	static
../Core/Src/main.c:460:6:HAL_TIM_PeriodElapsedCallback	16	static
../Core/Src/main.c:477:6:Error_Handler	4	static,ignoring_inline_asm
