Archive member included to satisfy reference by file (symbol)

C:/Program Files (x86)/Arm GNU Toolchain arm-none-eabi/13.2 Rel1/bin/../lib/gcc/arm-none-eabi/13.2.1/thumb/v7e-m+fp/hard\libc.a(libc_a-exit.o)
                              C:/Program Files (x86)/Arm GNU Toolchain arm-none-eabi/13.2 Rel1/bin/../lib/gcc/arm-none-eabi/13.2.1/thumb/v7e-m+fp/hard/crt0.o (exit)
C:/Program Files (x86)/Arm GNU Toolchain arm-none-eabi/13.2 Rel1/bin/../lib/gcc/arm-none-eabi/13.2.1/thumb/v7e-m+fp/hard\libc.a(libc_a-findfp.o)
                              C:/Program Files (x86)/Arm GNU Toolchain arm-none-eabi/13.2 Rel1/bin/../lib/gcc/arm-none-eabi/13.2.1/thumb/v7e-m+fp/hard\libc.a(libc_a-exit.o) (__stdio_exit_handler)
C:/Program Files (x86)/Arm GNU Toolchain arm-none-eabi/13.2 Rel1/bin/../lib/gcc/arm-none-eabi/13.2.1/thumb/v7e-m+fp/hard\libc.a(libc_a-fwalk.o)
                              C:/Program Files (x86)/Arm GNU Toolchain arm-none-eabi/13.2 Rel1/bin/../lib/gcc/arm-none-eabi/13.2.1/thumb/v7e-m+fp/hard\libc.a(libc_a-findfp.o) (_fwalk_sglue)
C:/Program Files (x86)/Arm GNU Toolchain arm-none-eabi/13.2 Rel1/bin/../lib/gcc/arm-none-eabi/13.2.1/thumb/v7e-m+fp/hard\libc.a(libc_a-stdio.o)
                              C:/Program Files (x86)/Arm GNU Toolchain arm-none-eabi/13.2 Rel1/bin/../lib/gcc/arm-none-eabi/13.2.1/thumb/v7e-m+fp/hard\libc.a(libc_a-findfp.o) (__sread)
C:/Program Files (x86)/Arm GNU Toolchain arm-none-eabi/13.2 Rel1/bin/../lib/gcc/arm-none-eabi/13.2.1/thumb/v7e-m+fp/hard\libc.a(libc_a-memset.o)
                              C:/Program Files (x86)/Arm GNU Toolchain arm-none-eabi/13.2 Rel1/bin/../lib/gcc/arm-none-eabi/13.2.1/thumb/v7e-m+fp/hard/crt0.o (memset)
C:/Program Files (x86)/Arm GNU Toolchain arm-none-eabi/13.2 Rel1/bin/../lib/gcc/arm-none-eabi/13.2.1/thumb/v7e-m+fp/hard\libc.a(libc_a-closer.o)
                              C:/Program Files (x86)/Arm GNU Toolchain arm-none-eabi/13.2 Rel1/bin/../lib/gcc/arm-none-eabi/13.2.1/thumb/v7e-m+fp/hard\libc.a(libc_a-stdio.o) (_close_r)
C:/Program Files (x86)/Arm GNU Toolchain arm-none-eabi/13.2 Rel1/bin/../lib/gcc/arm-none-eabi/13.2.1/thumb/v7e-m+fp/hard\libc.a(libc_a-reent.o)
                              C:/Program Files (x86)/Arm GNU Toolchain arm-none-eabi/13.2 Rel1/bin/../lib/gcc/arm-none-eabi/13.2.1/thumb/v7e-m+fp/hard\libc.a(libc_a-closer.o) (errno)
C:/Program Files (x86)/Arm GNU Toolchain arm-none-eabi/13.2 Rel1/bin/../lib/gcc/arm-none-eabi/13.2.1/thumb/v7e-m+fp/hard\libc.a(libc_a-impure.o)
                              C:/Program Files (x86)/Arm GNU Toolchain arm-none-eabi/13.2 Rel1/bin/../lib/gcc/arm-none-eabi/13.2.1/thumb/v7e-m+fp/hard\libc.a(libc_a-reent.o) (_impure_ptr)
C:/Program Files (x86)/Arm GNU Toolchain arm-none-eabi/13.2 Rel1/bin/../lib/gcc/arm-none-eabi/13.2.1/thumb/v7e-m+fp/hard\libc.a(libc_a-lseekr.o)
                              C:/Program Files (x86)/Arm GNU Toolchain arm-none-eabi/13.2 Rel1/bin/../lib/gcc/arm-none-eabi/13.2.1/thumb/v7e-m+fp/hard\libc.a(libc_a-stdio.o) (_lseek_r)
C:/Program Files (x86)/Arm GNU Toolchain arm-none-eabi/13.2 Rel1/bin/../lib/gcc/arm-none-eabi/13.2.1/thumb/v7e-m+fp/hard\libc.a(libc_a-readr.o)
                              C:/Program Files (x86)/Arm GNU Toolchain arm-none-eabi/13.2 Rel1/bin/../lib/gcc/arm-none-eabi/13.2.1/thumb/v7e-m+fp/hard\libc.a(libc_a-stdio.o) (_read_r)
C:/Program Files (x86)/Arm GNU Toolchain arm-none-eabi/13.2 Rel1/bin/../lib/gcc/arm-none-eabi/13.2.1/thumb/v7e-m+fp/hard\libc.a(libc_a-writer.o)
                              C:/Program Files (x86)/Arm GNU Toolchain arm-none-eabi/13.2 Rel1/bin/../lib/gcc/arm-none-eabi/13.2.1/thumb/v7e-m+fp/hard\libc.a(libc_a-stdio.o) (_write_r)
C:/Program Files (x86)/Arm GNU Toolchain arm-none-eabi/13.2 Rel1/bin/../lib/gcc/arm-none-eabi/13.2.1/thumb/v7e-m+fp/hard\libc.a(libc_a-init.o)
                              C:/Program Files (x86)/Arm GNU Toolchain arm-none-eabi/13.2 Rel1/bin/../lib/gcc/arm-none-eabi/13.2.1/thumb/v7e-m+fp/hard/crt0.o (__libc_init_array)
C:/Program Files (x86)/Arm GNU Toolchain arm-none-eabi/13.2 Rel1/bin/../lib/gcc/arm-none-eabi/13.2.1/thumb/v7e-m+fp/hard\libc.a(libc_a-lock.o)
                              C:/Program Files (x86)/Arm GNU Toolchain arm-none-eabi/13.2 Rel1/bin/../lib/gcc/arm-none-eabi/13.2.1/thumb/v7e-m+fp/hard\libc.a(libc_a-findfp.o) (__retarget_lock_init_recursive)
C:/Program Files (x86)/Arm GNU Toolchain arm-none-eabi/13.2 Rel1/bin/../lib/gcc/arm-none-eabi/13.2.1/thumb/v7e-m+fp/hard\libc.a(libc_a-memcpy.o)
                              build/queue.o (memcpy)
C:/Program Files (x86)/Arm GNU Toolchain arm-none-eabi/13.2 Rel1/bin/../lib/gcc/arm-none-eabi/13.2.1/thumb/v7e-m+fp/hard\libc.a(libc_a-__call_atexit.o)
                              C:/Program Files (x86)/Arm GNU Toolchain arm-none-eabi/13.2 Rel1/bin/../lib/gcc/arm-none-eabi/13.2.1/thumb/v7e-m+fp/hard\libc.a(libc_a-exit.o) (__call_exitprocs)
[...]
Memory Configuration

Name             Origin             Length             Attributes
RAM              0x20000000         0x00020000         xrw
FLASH            0x08000000         0x00080000         xr
*default*        0x00000000         0xffffffff

Linker script and memory map

LOAD C:/Program Files (x86)/Arm GNU Toolchain arm-none-eabi/13.2 Rel1/bin/../lib/gcc/arm-none-eabi/13.2.1/thumb/v7e-m+fp/hard/crti.o
LOAD C:/Program Files (x86)/Arm GNU Toolchain arm-none-eabi/13.2 Rel1/bin/../lib/gcc/arm-none-eabi/13.2.1/thumb/v7e-m+fp/hard/crtbegin.o
LOAD C:/Program Files (x86)/Arm GNU Toolchain arm-none-eabi/13.2 Rel1/bin/../lib/gcc/arm-none-eabi/13.2.1/thumb/v7e-m+fp/hard/crt0.o
LOAD build/main.o
LOAD build/stm32f4xx_it.o
LOAD build/stm32f4xx_hal_msp.o
LOAD build/stm32f4xx_hal_tim.o
LOAD build/stm32f4xx_hal_tim_ex.o
LOAD build/stm32f4xx_hal_rcc.o
LOAD build/stm32f4xx_hal_rcc_ex.o
LOAD build/stm32f4xx_hal_flash.o
LOAD build/stm32f4xx_hal_flash_ex.o
LOAD build/stm32f4xx_hal_flash_ramfunc.o
LOAD build/stm32f4xx_hal_gpio.o
LOAD build/stm32f4xx_hal_dma_ex.o
LOAD build/stm32f4xx_hal_dma.o
LOAD build/stm32f4xx_hal_pwr.o
LOAD build/stm32f4xx_hal_pwr_ex.o
LOAD build/stm32f4xx_hal_cortex.o
LOAD build/stm32f4xx_hal.o
LOAD build/stm32f4xx_hal_exti.o
LOAD build/system_stm32f4xx.o
LOAD build/user_diskio.o
LOAD build/fatfs.o
LOAD build/stm32f4xx_hal_timebase_tim.o
LOAD build/stm32f4xx_hal_qspi.o
LOAD build/diskio.o
LOAD build/ff.o
LOAD build/ff_gen_drv.o
LOAD build/syscall.o
LOAD build/freertos.o
LOAD build/croutine.o
LOAD build/event_groups.o
LOAD build/list.o
LOAD build/queue.o
LOAD build/stream_buffer.o
LOAD build/tasks.o
LOAD build/timers.o
LOAD build/cmsis_os2.o
LOAD build/heap_4.o
LOAD build/port.o
LOAD build/startup_stm32f446xx.o
LOAD C:/Program Files (x86)/Arm GNU Toolchain arm-none-eabi/13.2 Rel1/bin/../lib/gcc/arm-none-eabi/13.2.1/thumb/v7e-m+fp/hard\libc.a
LOAD C:/Program Files (x86)/Arm GNU Toolchain arm-none-eabi/13.2 Rel1/bin/../lib/gcc/arm-none-eabi/13.2.1/thumb/v7e-m+fp/hard\libm.a
LOAD C:/Program Files (x86)/Arm GNU Toolchain arm-none-eabi/13.2 Rel1/bin/../lib/gcc/arm-none-eabi/13.2.1/thumb/v7e-m+fp/hard\libnosys.a
START GROUP
LOAD C:/Program Files (x86)/Arm GNU Toolchain arm-none-eabi/13.2 Rel1/bin/../lib/gcc/arm-none-eabi/13.2.1/thumb/v7e-m+fp/hard\libgcc.a
LOAD C:/Program Files (x86)/Arm GNU Toolchain arm-none-eabi/13.2 Rel1/bin/../lib/gcc/arm-none-eabi/13.2.1/thumb/v7e-m+fp/hard\libc.a
END GROUP
START GROUP
LOAD C:/Program Files (x86)/Arm GNU Toolchain arm-none-eabi/13.2 Rel1/bin/../lib/gcc/arm-none-eabi/13.2.1/thumb/v7e-m+fp/hard\libgcc.a
LOAD C:/Program Files (x86)/Arm GNU Toolchain arm-none-eabi/13.2 Rel1/bin/../lib/gcc/arm-none-eabi/13.2.1/thumb/v7e-m+fp/hard\libc.a
LOAD C:/Program Files (x86)/Arm GNU Toolchain arm-none-eabi/13.2 Rel1/bin/../lib/gcc/arm-none-eabi/13.2.1/thumb/v7e-m+fp/hard\libnosys.a
END GROUP
LOAD C:/Program Files (x86)/Arm GNU Toolchain arm-none-eabi/13.2 Rel1/bin/../lib/gcc/arm-none-eabi/13.2.1/thumb/v7e-m+fp/hard/crtend.o
LOAD C:/Program Files (x86)/Arm GNU Toolchain arm-none-eabi/13.2 Rel1/bin/../lib/gcc/arm-none-eabi/13.2.1/thumb/v7e-m+fp/hard/crtn.o
                0x20020000                        _estack = (ORIGIN (RAM) + LENGTH (RAM))
                0x00000200                        _Min_Heap_Size = 0x200
                0x00000400                        _Min_Stack_Size = 0x400

.isr_vector     0x08000000      0x1c4
                0x08000000                        . = ALIGN (0x4)
 *(.isr_vector)
 .isr_vector    0x08000000      0x1c4 build/startup_stm32f446xx.o
                0x08000000                g_pfnVectors
                0x080001c4                        . = ALIGN (0x4)

.text           0x080001d0     0x36b8
                0x080001d0                        . = ALIGN (0x4)
 *(.text)
 .text          0x080001d0      0x134 C:/Program Files (x86)/Arm GNU Toolchain arm-none-eabi/13.2 Rel1/bin/../lib/gcc/arm-none-eabi/13.2.1/thumb/v7e-m+fp/hard\libc.a(libc_a-memcpy.o)
                0x080001d0                memcpy
 .text          0x08000304       0x30 C:/Program Files (x86)/Arm GNU Toolchain arm-none-eabi/13.2 Rel1/bin/../lib/gcc/arm-none-eabi/13.2.1/thumb/v7e-m+fp/hard\libgcc.a(_aeabi_uldivmod.o)
                0x08000304                __aeabi_uldivmod
 .text          0x08000334        0x4 C:/Program Files (x86)/Arm GNU Toolchain arm-none-eabi/13.2 Rel1/bin/../lib/gcc/arm-none-eabi/13.2.1/thumb/v7e-m+fp/hard\libgcc.a(_dvmd_tls.o)
                0x08000334                __aeabi_idiv0
                0x08000334                __aeabi_ldiv0
 *(.text*)
 .text.deregister_tm_clones
                0x08000338       0x1c C:/Program Files (x86)/Arm GNU Toolchain arm-none-eabi/13.2 Rel1/bin/../lib/gcc/arm-none-eabi/13.2.1/thumb/v7e-m+fp/hard/crtbegin.o
 .text.register_tm_clones
                0x08000354       0x24 C:/Program Files (x86)/Arm GNU Toolchain arm-none-eabi/13.2 Rel1/bin/../lib/gcc/arm-none-eabi/13.2.1/thumb/v7e-m+fp/hard/crtbegin.o
 .text.__do_global_dtors_aux
                0x08000378       0x28 C:/Program Files (x86)/Arm GNU Toolchain arm-none-eabi/13.2 Rel1/bin/../lib/gcc/arm-none-eabi/13.2.1/thumb/v7e-m+fp/hard/crtbegin.o
 .text.frame_dummy
                0x080003a0       0x24 C:/Program Files (x86)/Arm GNU Toolchain arm-none-eabi/13.2 Rel1/bin/../lib/gcc/arm-none-eabi/13.2.1/thumb/v7e-m+fp/hard/crtbegin.o
 .text.MX_GPIO_Init
                0x080003c4       0xa8 build/main.o
 .text.StartDefaultTask
                0x0800046c        0xa build/main.o
                0x0800046c                StartDefaultTask
 *fill*         0x08000476        0x2 
 .text.HAL_TIM_PeriodElapsedCallback
                0x08000478       0x18 build/main.o
                0x08000478                HAL_TIM_PeriodElapsedCallback
 .text.Error_Handler
                0x08000490        0x4 build/main.o
                0x08000490                Error_Handler
 .text.MX_QUADSPI_Init
                0x08000494       0x34 build/main.o
 .text.SystemClock_Config
                0x080004c8       0xa4 build/main.o
                0x080004c8                SystemClock_Config
 .text.main     0x0800056c       0x3c build/main.o
                0x0800056c                main
 .text.NMI_Handler
                0x080005a8        0x2 build/stm32f4xx_it.o
                0x080005a8                NMI_Handler
 .text.HardFault_Handler
                0x080005aa        0x2 build/stm32f4xx_it.o
                0x080005aa                HardFault_Handler
 .text.MemManage_Handler
                0x080005ac        0x2 build/stm32f4xx_it.o
                0x080005ac                MemManage_Handler
 .text.BusFault_Handler
                0x080005ae        0x2 build/stm32f4xx_it.o
                0x080005ae                BusFault_Handler
 .text.UsageFault_Handler
                0x080005b0        0x2 build/stm32f4xx_it.o
                0x080005b0                UsageFault_Handler
 .text.DebugMon_Handler
                0x080005b2        0x2 build/stm32f4xx_it.o
                0x080005b2                DebugMon_Handler
 .text.TIM1_UP_TIM10_IRQHandler
                0x080005b4       0x10 build/stm32f4xx_it.o
                0x080005b4                TIM1_UP_TIM10_IRQHandler
 .text.HAL_MspInit
                0x080005c4       0x44 build/stm32f4xx_hal_msp.o
                0x080005c4                HAL_MspInit
 .text.HAL_QSPI_MspInit
                0x08000608       0xc0 build/stm32f4xx_hal_msp.o
                0x08000608                HAL_QSPI_MspInit
 .text.HAL_TIM_Base_MspInit
                0x080006c8        0x2 build/stm32f4xx_hal_tim.o
                0x080006c8                HAL_TIM_Base_MspInit
 *fill*         0x080006ca        0x2 
 .text.HAL_TIM_Base_Start_IT
                0x080006cc       0x88 build/stm32f4xx_hal_tim.o
                0x080006cc                HAL_TIM_Base_Start_IT
 .text.HAL_TIM_OC_DelayElapsedCallback
                0x08000754        0x2 build/stm32f4xx_hal_tim.o
                0x08000754                HAL_TIM_OC_DelayElapsedCallback
 .text.HAL_TIM_IC_CaptureCallback
                0x08000756        0x2 build/stm32f4xx_hal_tim.o
                0x08000756                HAL_TIM_IC_CaptureCallback
 .text.HAL_TIM_PWM_PulseFinishedCallback
                0x08000758        0x2 build/stm32f4xx_hal_tim.o
                0x08000758                HAL_TIM_PWM_PulseFinishedCallback
 .text.HAL_TIM_TriggerCallback
                0x0800075a        0x2 build/stm32f4xx_hal_tim.o
                0x0800075a                HAL_TIM_TriggerCallback
 .text.HAL_TIM_IRQHandler
                0x0800075c      0x15e build/stm32f4xx_hal_tim.o
                0x0800075c                HAL_TIM_IRQHandler
 *fill*         0x080008ba        0x2 
 .text.TIM_Base_SetConfig
                0x080008bc       0xd8 build/stm32f4xx_hal_tim.o
                0x080008bc                TIM_Base_SetConfig
 .text.HAL_TIM_Base_Init
                0x08000994       0x58 build/stm32f4xx_hal_tim.o
                0x08000994                HAL_TIM_Base_Init
 .text.HAL_TIMEx_CommutCallback
                0x080009ec        0x2 build/stm32f4xx_hal_tim_ex.o
                0x080009ec                HAL_TIMEx_CommutCallback
 .text.HAL_TIMEx_BreakCallback
                0x080009ee        0x2 build/stm32f4xx_hal_tim_ex.o
                0x080009ee                HAL_TIMEx_BreakCallback
 .text.HAL_RCC_ClockConfig
                0x080009f0      0x160 build/stm32f4xx_hal_rcc.o
                0x080009f0                HAL_RCC_ClockConfig
 .text.HAL_RCC_GetHCLKFreq
                0x08000b50        0xc build/stm32f4xx_hal_rcc.o
                0x08000b50                HAL_RCC_GetHCLKFreq
 .text.HAL_RCC_GetPCLK2Freq
                0x08000b5c       0x20 build/stm32f4xx_hal_rcc.o
                0x08000b5c                HAL_RCC_GetPCLK2Freq
 .text.HAL_RCC_GetClockConfig
                0x08000b7c       0x3c build/stm32f4xx_hal_rcc.o
                0x08000b7c                HAL_RCC_GetClockConfig
 .text.HAL_RCC_GetSysClockFreq
                0x08000bb8      0x190 build/stm32f4xx_hal_rcc_ex.o
                0x08000bb8                HAL_RCC_GetSysClockFreq
 .text.HAL_RCC_OscConfig
                0x08000d48      0x444 build/stm32f4xx_hal_rcc_ex.o
                0x08000d48                HAL_RCC_OscConfig
 .text.HAL_GPIO_Init
                0x0800118c      0x1e0 build/stm32f4xx_hal_gpio.o
                0x0800118c                HAL_GPIO_Init
 .text.HAL_GPIO_WritePin
                0x0800136c        0xc build/stm32f4xx_hal_gpio.o
                0x0800136c                HAL_GPIO_WritePin
 .text.__NVIC_EnableIRQ
                0x08001378       0x1c build/stm32f4xx_hal_cortex.o
 .text.__NVIC_SetPriority
                0x08001394       0x28 build/stm32f4xx_hal_cortex.o
 .text.NVIC_EncodePriority
                0x080013bc       0x3e build/stm32f4xx_hal_cortex.o
 *fill*         0x080013fa        0x2 
 .text.HAL_NVIC_SetPriorityGrouping
                0x080013fc       0x24 build/stm32f4xx_hal_cortex.o
                0x080013fc                HAL_NVIC_SetPriorityGrouping
 .text.HAL_NVIC_SetPriority
                0x08001420       0x20 build/stm32f4xx_hal_cortex.o
                0x08001420                HAL_NVIC_SetPriority
 .text.HAL_NVIC_EnableIRQ
                0x08001440        0x8 build/stm32f4xx_hal_cortex.o
                0x08001440                HAL_NVIC_EnableIRQ
 .text.HAL_Init
                0x08001448       0x34 build/stm32f4xx_hal.o
                0x08001448                HAL_Init
 .text.HAL_IncTick
                0x0800147c       0x18 build/stm32f4xx_hal.o
                0x0800147c                HAL_IncTick
 .text.HAL_GetTick
                0x08001494        0xc build/stm32f4xx_hal.o
                0x08001494                HAL_GetTick
 .text.SystemInit
                0x080014a0       0x14 build/system_stm32f4xx.o
                0x080014a0                SystemInit
 .text.USER_initialize
                0x080014b4       0x10 build/user_diskio.o
                0x080014b4                USER_initialize
 .text.USER_status
                0x080014c4       0x10 build/user_diskio.o
                0x080014c4                USER_status
 .text.USER_read
                0x080014d4        0x4 build/user_diskio.o
                0x080014d4                USER_read
 .text.USER_write
                0x080014d8        0x4 build/user_diskio.o
                0x080014d8                USER_write
 .text.USER_ioctl
                0x080014dc        0x4 build/user_diskio.o
                0x080014dc                USER_ioctl
 .text.MX_FATFS_Init
                0x080014e0       0x1c build/fatfs.o
                0x080014e0                MX_FATFS_Init
 .text.HAL_InitTick
                0x080014fc       0x94 build/stm32f4xx_hal_timebase_tim.o
                0x080014fc                HAL_InitTick
 .text.QSPI_WaitFlagStateUntilTimeout
                0x08001590       0x54 build/stm32f4xx_hal_qspi.o
 .text.HAL_QSPI_SetTimeout
                0x080015e4        0x4 build/stm32f4xx_hal_qspi.o
                0x080015e4                HAL_QSPI_SetTimeout
 .text.HAL_QSPI_Init
                0x080015e8       0xb0 build/stm32f4xx_hal_qspi.o
                0x080015e8                HAL_QSPI_Init
 .text.FATFS_LinkDriverEx
                0x08001698       0x54 build/ff_gen_drv.o
                0x08001698                FATFS_LinkDriverEx
 .text.FATFS_LinkDriver
                0x080016ec        0xa build/ff_gen_drv.o
                0x080016ec                FATFS_LinkDriver
 .text.vListInitialise
                0x080016f6       0x16 build/list.o
                0x080016f6                vListInitialise
 .text.vListInitialiseItem
                0x0800170c        0x6 build/list.o
                0x0800170c                vListInitialiseItem
 .text.vListInsertEnd
                0x08001712       0x16 build/list.o
                0x08001712                vListInsertEnd
 .text.vListInsert
                0x08001728       0x32 build/list.o
                0x08001728                vListInsert
 .text.uxListRemove
                0x0800175a       0x26 build/list.o
                0x0800175a                uxListRemove
 .text.prvIsQueueFull
                0x08001780       0x1e build/queue.o
 .text.prvIsQueueEmpty
                0x0800179e       0x1a build/queue.o
 .text.prvCopyDataToQueue
                0x080017b8       0x76 build/queue.o
 .text.prvCopyDataFromQueue
                0x0800182e       0x24 build/queue.o
 .text.prvUnlockQueue
                0x08001852       0x6e build/queue.o
 .text.xQueueGenericReset
                0x080018c0       0x84 build/queue.o
                0x080018c0                xQueueGenericReset
 .text.prvInitialiseNewQueue
                0x08001944       0x22 build/queue.o
 .text.xQueueGenericCreateStatic
                0x08001966       0x94 build/queue.o
                0x08001966                xQueueGenericCreateStatic
 .text.xQueueGenericSend
                0x080019fa      0x188 build/queue.o
                0x080019fa                xQueueGenericSend
 .text.xQueueGenericSendFromISR
                0x08001b82       0xce build/queue.o
                0x08001b82                xQueueGenericSendFromISR
 .text.xQueueReceive
                0x08001c50      0x15e build/queue.o
                0x08001c50                xQueueReceive
 *fill*         0x08001dae        0x2 
 .text.vQueueAddToRegistry
                0x08001db0       0x28 build/queue.o
                0x08001db0                vQueueAddToRegistry
 .text.vQueueWaitForMessageRestricted
                0x08001dd8       0x52 build/queue.o
                0x08001dd8                vQueueWaitForMessageRestricted
 *fill*         0x08001e2a        0x2 
 .text.prvResetNextTaskUnblockTime
                0x08001e2c       0x2c build/tasks.o
 .text.prvInitialiseNewTask
                0x08001e58       0xa2 build/tasks.o
 *fill*         0x08001efa        0x2 
 .text.prvInitialiseTaskLists
                0x08001efc       0x68 build/tasks.o
 .text.prvAddNewTaskToReadyList
                0x08001f64       0xac build/tasks.o
 .text.prvDeleteTCB
                0x08002010       0x38 build/tasks.o
 .text.prvCheckTasksWaitingTermination
                0x08002048       0x4c build/tasks.o
 .text.prvIdleTask
                0x08002094       0x28 build/tasks.o
 .text.prvAddCurrentTaskToDelayedList
                0x080020bc       0x7c build/tasks.o
 .text.xTaskCreateStatic
                0x08002138       0x76 build/tasks.o
                0x08002138                xTaskCreateStatic
 .text.xTaskCreate
                0x080021ae       0x64 build/tasks.o
                0x080021ae                xTaskCreate
 *fill*         0x08002212        0x2 
 .text.vTaskStartScheduler
                0x08002214       0x98 build/tasks.o
                0x08002214                vTaskStartScheduler
 .text.vTaskSuspendAll
                0x080022ac       0x10 build/tasks.o
                0x080022ac                vTaskSuspendAll
 .text.xTaskGetTickCount
                0x080022bc        0xc build/tasks.o
                0x080022bc                xTaskGetTickCount
 .text.xTaskIncrementTick
                0x080022c8      0x118 build/tasks.o
                0x080022c8                xTaskIncrementTick
 .text.xTaskResumeAll
                0x080023e0       0xf8 build/tasks.o
                0x080023e0                xTaskResumeAll
 .text.vTaskDelay
                0x080024d8       0x4c build/tasks.o
                0x080024d8                vTaskDelay
 .text.vTaskSwitchContext
                0x08002524       0x98 build/tasks.o
                0x08002524                vTaskSwitchContext
 .text.vTaskPlaceOnEventList
                0x080025bc       0x30 build/tasks.o
                0x080025bc                vTaskPlaceOnEventList
 .text.vTaskPlaceOnEventListRestricted
                0x080025ec       0x38 build/tasks.o
                0x080025ec                vTaskPlaceOnEventListRestricted
 .text.xTaskRemoveFromEventList
                0x08002624       0x8c build/tasks.o
                0x08002624                xTaskRemoveFromEventList
 .text.vTaskInternalSetTimeOutState
                0x080026b0       0x18 build/tasks.o
                0x080026b0                vTaskInternalSetTimeOutState
 .text.xTaskCheckForTimeOut
                0x080026c8       0x84 build/tasks.o
                0x080026c8                xTaskCheckForTimeOut
 .text.vTaskMissedYield
                0x0800274c        0xc build/tasks.o
                0x0800274c                vTaskMissedYield
 .text.xTaskGetSchedulerState
                0x08002758       0x20 build/tasks.o
                0x08002758                xTaskGetSchedulerState
 .text.xTaskPriorityDisinherit
                0x08002778       0x90 build/tasks.o
                0x08002778                xTaskPriorityDisinherit
 .text.prvGetNextExpireTime
                0x08002808       0x20 build/timers.o
 .text.prvInsertTimerInActiveList
                0x08002828       0x48 build/timers.o
 .text.prvCheckForValidListAndQueue
                0x08002870       0x70 build/timers.o
 .text.xTimerCreateTimerTask
                0x080028e0       0x64 build/timers.o
                0x080028e0                xTimerCreateTimerTask
 .text.xTimerGenericCommand
                0x08002944       0x6c build/timers.o
                0x08002944                xTimerGenericCommand
 .text.prvSwitchTimerLists
                0x080029b0       0x7c build/timers.o
 .text.prvSampleTimeNow
                0x08002a2c       0x2c build/timers.o
 .text.prvProcessExpiredTimer
                0x08002a58       0x6c build/timers.o
 .text.prvProcessTimerOrBlockTask
                0x08002ac4       0x74 build/timers.o
 .text.prvProcessReceivedCommands
                0x08002b38      0x10c build/timers.o
 .text.prvTimerTask
                0x08002c44       0x16 build/timers.o
 .text.SysTick_Handler
                0x08002c5a       0x18 build/cmsis_os2.o
                0x08002c5a                SysTick_Handler
 *fill*         0x08002c72        0x2 
 .text.osKernelInitialize
                0x08002c74       0x24 build/cmsis_os2.o
                0x08002c74                osKernelInitialize
 .text.osKernelStart
                0x08002c98       0x38 build/cmsis_os2.o
                0x08002c98                osKernelStart
 .text.osThreadNew
                0x08002cd0       0xbc build/cmsis_os2.o
                0x08002cd0                osThreadNew
 .text.osDelay  0x08002d8c       0x1c build/cmsis_os2.o
                0x08002d8c                osDelay
 .text.vApplicationGetIdleTaskMemory
                0x08002da8       0x18 build/cmsis_os2.o
                0x08002da8                vApplicationGetIdleTaskMemory
 .text.vApplicationGetTimerTaskMemory
                0x08002dc0       0x18 build/cmsis_os2.o
                0x08002dc0                vApplicationGetTimerTaskMemory
 .text.prvHeapInit
                0x08002dd8       0x64 build/heap_4.o
 .text.prvInsertBlockIntoFreeList
                0x08002e3c       0x64 build/heap_4.o
 .text.pvPortMalloc
                0x08002ea0      0x104 build/heap_4.o
                0x08002ea0                pvPortMalloc
 .text.vPortFree
                0x08002fa4       0x7c build/heap_4.o
                0x08002fa4                vPortFree
 .text.prvTaskExitError
                0x08003020       0x40 build/port.o
 .text.prvPortStartFirstTask
                0x08003060       0x28 build/port.o
 .text.vPortEnableVFP
                0x08003088       0x14 build/port.o
 .text.pxPortInitialiseStack
                0x0800309c       0x2c build/port.o
                0x0800309c                pxPortInitialiseStack
 *fill*         0x080030c8        0x8 
 .text.SVC_Handler
                0x080030d0       0x24 build/port.o
                0x080030d0                SVC_Handler
 .text.vPortEnterCritical
                0x080030f4       0x44 build/port.o
                0x080030f4                vPortEnterCritical
 .text.vPortExitCritical
                0x08003138       0x2c build/port.o
                0x08003138                vPortExitCritical
 *fill*         0x08003164        0xc 
 .text.PendSV_Handler
                0x08003170       0x64 build/port.o
                0x08003170                PendSV_Handler
 .text.xPortSysTickHandler
                0x080031d4       0x2c build/port.o
                0x080031d4                xPortSysTickHandler
 .text.vPortSetupTimerInterrupt
                0x08003200       0x28 build/port.o
                0x08003200                vPortSetupTimerInterrupt
 .text.xPortStartScheduler
                0x08003228      0x118 build/port.o
                0x08003228                xPortStartScheduler
 .text.vPortValidateInterruptPriority
                0x08003340       0x5c build/port.o
                0x08003340                vPortValidateInterruptPriority
 .text.Reset_Handler
                0x0800339c       0x50 build/startup_stm32f446xx.o
                0x0800339c                Reset_Handler
 .text.Default_Handler
                0x080033ec        0x2 build/startup_stm32f446xx.o
                0x080033ec                RTC_Alarm_IRQHandler
                0x080033ec                EXTI2_IRQHandler
                0x080033ec                TIM8_CC_IRQHandler
                0x080033ec                FMPI2C1_EV_IRQHandler
                0x080033ec                SPI4_IRQHandler
                0x080033ec                TIM1_CC_IRQHandler
                0x080033ec                DMA2_Stream5_IRQHandler
                0x080033ec                DMA1_Stream5_IRQHandler
                0x080033ec                PVD_IRQHandler
                0x080033ec                SDIO_IRQHandler
                0x080033ec                TAMP_STAMP_IRQHandler
                0x080033ec                CAN2_RX1_IRQHandler
                0x080033ec                EXTI3_IRQHandler
                0x080033ec                TIM8_TRG_COM_TIM14_IRQHandler
                0x080033ec                TIM8_UP_TIM13_IRQHandler
                0x080033ec                I2C3_ER_IRQHandler
                0x080033ec                EXTI0_IRQHandler
                0x080033ec                I2C2_EV_IRQHandler
                0x080033ec                DMA1_Stream2_IRQHandler
                0x080033ec                CAN1_RX0_IRQHandler
                0x080033ec                FPU_IRQHandler
                0x080033ec                OTG_HS_WKUP_IRQHandler
                0x080033ec                CAN2_SCE_IRQHandler
                0x080033ec                DMA2_Stream2_IRQHandler
                0x080033ec                SPI1_IRQHandler
                0x080033ec                TIM6_DAC_IRQHandler
                0x080033ec                TIM1_BRK_TIM9_IRQHandler
                0x080033ec                DCMI_IRQHandler
                0x080033ec                CAN2_RX0_IRQHandler
                0x080033ec                DMA2_Stream3_IRQHandler
                0x080033ec                SAI2_IRQHandler
                0x080033ec                USART6_IRQHandler
                0x080033ec                USART3_IRQHandler
                0x080033ec                CAN1_RX1_IRQHandler
                0x080033ec                UART5_IRQHandler
                0x080033ec                DMA2_Stream0_IRQHandler
                0x080033ec                TIM4_IRQHandler
                0x080033ec                QUADSPI_IRQHandler
                0x080033ec                I2C1_EV_IRQHandler
                0x080033ec                DMA1_Stream6_IRQHandler
                0x080033ec                DMA1_Stream1_IRQHandler
                0x080033ec                UART4_IRQHandler
                0x080033ec                TIM3_IRQHandler
                0x080033ec                RCC_IRQHandler
                0x080033ec                TIM8_BRK_TIM12_IRQHandler
                0x080033ec                Default_Handler
                0x080033ec                CEC_IRQHandler
                0x080033ec                EXTI15_10_IRQHandler
                0x080033ec                ADC_IRQHandler
                0x080033ec                DMA1_Stream7_IRQHandler
                0x080033ec                TIM7_IRQHandler
                0x080033ec                CAN2_TX_IRQHandler
                0x080033ec                TIM5_IRQHandler
                0x080033ec                DMA2_Stream7_IRQHandler
                0x080033ec                I2C3_EV_IRQHandler
                0x080033ec                EXTI9_5_IRQHandler
                0x080033ec                RTC_WKUP_IRQHandler
                0x080033ec                SPDIF_RX_IRQHandler
                0x080033ec                SPI2_IRQHandler
                0x080033ec                OTG_HS_EP1_IN_IRQHandler
                0x080033ec                DMA1_Stream0_IRQHandler
                0x080033ec                CAN1_TX_IRQHandler
                0x080033ec                FMPI2C1_ER_IRQHandler
                0x080033ec                EXTI4_IRQHandler
                0x080033ec                OTG_HS_EP1_OUT_IRQHandler
                0x080033ec                WWDG_IRQHandler
                0x080033ec                TIM2_IRQHandler
                0x080033ec                OTG_FS_WKUP_IRQHandler
                0x080033ec                TIM1_TRG_COM_TIM11_IRQHandler
                0x080033ec                OTG_HS_IRQHandler
                0x080033ec                EXTI1_IRQHandler
                0x080033ec                USART2_IRQHandler
                0x080033ec                I2C2_ER_IRQHandler
                0x080033ec                DMA2_Stream1_IRQHandler
                0x080033ec                CAN1_SCE_IRQHandler
                0x080033ec                FLASH_IRQHandler
                0x080033ec                DMA2_Stream4_IRQHandler
                0x080033ec                USART1_IRQHandler
                0x080033ec                OTG_FS_IRQHandler
                0x080033ec                SPI3_IRQHandler
                0x080033ec                DMA1_Stream4_IRQHandler
                0x080033ec                I2C1_ER_IRQHandler
                0x080033ec                FMC_IRQHandler
                0x080033ec                DMA2_Stream6_IRQHandler
                0x080033ec                SAI1_IRQHandler
                0x080033ec                DMA1_Stream3_IRQHandler
 *fill*         0x080033ee        0x2 
 .text.memset   0x080033f0       0xa4 C:/Program Files (x86)/Arm GNU Toolchain arm-none-eabi/13.2 Rel1/bin/../lib/gcc/arm-none-eabi/13.2.1/thumb/v7e-m+fp/hard\libc.a(libc_a-memset.o)
                0x080033f0                memset
 .text.__libc_init_array
                0x08003494       0x50 C:/Program Files (x86)/Arm GNU Toolchain arm-none-eabi/13.2 Rel1/bin/../lib/gcc/arm-none-eabi/13.2.1/thumb/v7e-m+fp/hard\libc.a(libc_a-init.o)
                0x08003494                __libc_init_array
 .text.__retarget_lock_acquire_recursive
                0x080034e4        0x4 C:/Program Files (x86)/Arm GNU Toolchain arm-none-eabi/13.2 Rel1/bin/../lib/gcc/arm-none-eabi/13.2.1/thumb/v7e-m+fp/hard\libc.a(libc_a-lock.o)
                0x080034e4                __retarget_lock_acquire_recursive
 .text.__retarget_lock_release_recursive
                0x080034e8        0x4 C:/Program Files (x86)/Arm GNU Toolchain arm-none-eabi/13.2 Rel1/bin/../lib/gcc/arm-none-eabi/13.2.1/thumb/v7e-m+fp/hard\libc.a(libc_a-lock.o)
                0x080034e8                __retarget_lock_release_recursive
 .text.startup.register_fini
                0x080034ec       0x14 C:/Program Files (x86)/Arm GNU Toolchain arm-none-eabi/13.2 Rel1/bin/../lib/gcc/arm-none-eabi/13.2.1/thumb/v7e-m+fp/hard\libc.a(libc_a-__call_atexit.o)
 .text.atexit   0x08003500        0xc C:/Program Files (x86)/Arm GNU Toolchain arm-none-eabi/13.2 Rel1/bin/../lib/gcc/arm-none-eabi/13.2.1/thumb/v7e-m+fp/hard\libc.a(libc_a-atexit.o)
                0x08003500                atexit
 .text.__libc_fini_array
                0x0800350c       0x28 C:/Program Files (x86)/Arm GNU Toolchain arm-none-eabi/13.2 Rel1/bin/../lib/gcc/arm-none-eabi/13.2.1/thumb/v7e-m+fp/hard\libc.a(libc_a-fini.o)
                0x0800350c                __libc_fini_array
 .text.__register_exitproc
                0x08003534       0x80 C:/Program Files (x86)/Arm GNU Toolchain arm-none-eabi/13.2 Rel1/bin/../lib/gcc/arm-none-eabi/13.2.1/thumb/v7e-m+fp/hard\libc.a(libc_a-__atexit.o)
                0x08003534                __register_exitproc
 .text.__udivmoddi4
                0x080035b4      0x2bc C:/Program Files (x86)/Arm GNU Toolchain arm-none-eabi/13.2 Rel1/bin/../lib/gcc/arm-none-eabi/13.2.1/thumb/v7e-m+fp/hard\libgcc.a(_udivmoddi4.o)
                0x080035b4                __udivmoddi4
 *(.glue_7)
 .glue_7        0x08003870        0x0 linker stubs
 *(.glue_7t)
 .glue_7t       0x08003870        0x0 linker stubs
 *(.eh_frame)
 .eh_frame      0x08003870        0x0 C:/Program Files (x86)/Arm GNU Toolchain arm-none-eabi/13.2 Rel1/bin/../lib/gcc/arm-none-eabi/13.2.1/thumb/v7e-m+fp/hard/crtbegin.o
 *(.init)
 .init          0x08003870        0x4 C:/Program Files (x86)/Arm GNU Toolchain arm-none-eabi/13.2 Rel1/bin/../lib/gcc/arm-none-eabi/13.2.1/thumb/v7e-m+fp/hard/crti.o
                0x08003870                _init
 .init          0x08003874        0x8 C:/Program Files (x86)/Arm GNU Toolchain arm-none-eabi/13.2 Rel1/bin/../lib/gcc/arm-none-eabi/13.2.1/thumb/v7e-m+fp/hard/crtn.o
 *(.fini)
 .fini          0x0800387c        0x4 C:/Program Files (x86)/Arm GNU Toolchain arm-none-eabi/13.2 Rel1/bin/../lib/gcc/arm-none-eabi/13.2.1/thumb/v7e-m+fp/hard/crti.o
                0x0800387c                _fini
 .fini          0x08003880        0x8 C:/Program Files (x86)/Arm GNU Toolchain arm-none-eabi/13.2 Rel1/bin/../lib/gcc/arm-none-eabi/13.2.1/thumb/v7e-m+fp/hard/crtn.o
                0x08003888                        . = ALIGN (0x4)
                0x08003888                        _etext = .

.vfp11_veneer   0x08003888        0x0
 .vfp11_veneer  0x08003888        0x0 linker stubs

.v4_bx          0x08003888        0x0
 .v4_bx         0x08003888        0x0 linker stubs

.iplt           0x08003888        0x0
 .iplt          0x08003888        0x0 C:/Program Files (x86)/Arm GNU Toolchain arm-none-eabi/13.2 Rel1/bin/../lib/gcc/arm-none-eabi/13.2.1/thumb/v7e-m+fp/hard/crtbegin.o

.rodata         0x08003888       0x60
                0x08003888                        . = ALIGN (0x4)
 *(.rodata)
 *(.rodata*)
 .rodata.str1.4
                0x08003888       0x24 build/main.o
                                  0xc (size before relaxing)
 .rodata.defaultTask_attributes
                0x080038ac       0x24 build/main.o
                0x080038ac                defaultTask_attributes
 .rodata.APBPrescTable
                0x080038d0        0x8 build/system_stm32f4xx.o
                0x080038d0                APBPrescTable
 .rodata.AHBPrescTable
                0x080038d8       0x10 build/system_stm32f4xx.o
                0x080038d8                AHBPrescTable
 .rodata.vTaskStartScheduler.str1.4
                0x080038e8        0x5 build/tasks.o
 .rodata.prvCheckForValidListAndQueue.str1.4
                0x080038e8        0x5 build/timers.o
 .rodata.xTimerCreateTimerTask.str1.4
                0x080038e8        0x8 build/timers.o
                0x080038f0                        . = ALIGN (0x4)

.ARM.extab
 *(.ARM.extab* .gnu.linkonce.armextab.*)

.ARM            0x080038e8        0x8
                0x080038e8                        __exidx_start = .
 *(.ARM.exidx*)
 .ARM.exidx     0x080038e8        0x8 C:/Program Files (x86)/Arm GNU Toolchain arm-none-eabi/13.2 Rel1/bin/../lib/gcc/arm-none-eabi/13.2.1/thumb/v7e-m+fp/hard\libc.a(libc_a-memcpy.o)
 .ARM.exidx.text.__udivmoddi4
                0x080038f0        0x0 C:/Program Files (x86)/Arm GNU Toolchain arm-none-eabi/13.2 Rel1/bin/../lib/gcc/arm-none-eabi/13.2.1/thumb/v7e-m+fp/hard\libgcc.a(_udivmoddi4.o)
                                  0x8 (size before relaxing)
                0x080038f0                        __exidx_end = .

.rel.dyn        0x080038f0        0x0
 .rel.iplt      0x080038f0        0x0 C:/Program Files (x86)/Arm GNU Toolchain arm-none-eabi/13.2 Rel1/bin/../lib/gcc/arm-none-eabi/13.2.1/thumb/v7e-m+fp/hard/crtbegin.o

.preinit_array  0x080038f0        0x0
                0x080038f0                        PROVIDE (__preinit_array_start = .)
 *(.preinit_array*)
                0x080038f0                        PROVIDE (__preinit_array_end = .)

.init_array     0x080038f0        0x8
                0x080038f0                        PROVIDE (__init_array_start = .)
 *(SORT_BY_NAME(.init_array.*))
 .init_array.00000
                0x080038f0        0x4 C:/Program Files (x86)/Arm GNU Toolchain arm-none-eabi/13.2 Rel1/bin/../lib/gcc/arm-none-eabi/13.2.1/thumb/v7e-m+fp/hard\libc.a(libc_a-__call_atexit.o)
 *(.init_array*)
 .init_array    0x080038f4        0x4 C:/Program Files (x86)/Arm GNU Toolchain arm-none-eabi/13.2 Rel1/bin/../lib/gcc/arm-none-eabi/13.2.1/thumb/v7e-m+fp/hard/crtbegin.o
                0x080038f8                        PROVIDE (__init_array_end = .)

.fini_array     0x080038f8        0x4
                0x080038f8                        PROVIDE (__fini_array_start = .)
 *(SORT_BY_NAME(.fini_array.*))
 *(.fini_array*)
 .fini_array    0x080038f8        0x4 C:/Program Files (x86)/Arm GNU Toolchain arm-none-eabi/13.2 Rel1/bin/../lib/gcc/arm-none-eabi/13.2.1/thumb/v7e-m+fp/hard/crtbegin.o
                0x080038fc                        PROVIDE (__fini_array_end = .)
                0x080038fc                        _sidata = LOADADDR (.data)

.data           0x20000000       0x2c load address 0x080038fc
                0x20000000                        . = ALIGN (0x4)
                0x20000000                        _sdata = .
 *(.data)
 *(.data*)
 .data.uwTickFreq
                0x20000000        0x1 build/stm32f4xx_hal.o
                0x20000000                uwTickFreq
 *fill*         0x20000001        0x3 
 .data.uwTickPrio
                0x20000004        0x4 build/stm32f4xx_hal.o
                0x20000004                uwTickPrio
 .data.SystemCoreClock
                0x20000008        0x4 build/system_stm32f4xx.o
                0x20000008                SystemCoreClock
 .data.USER_Driver
                0x2000000c       0x14 build/user_diskio.o
                0x2000000c                USER_Driver
 .data.Stat     0x20000020        0x1 build/user_diskio.o
 *fill*         0x20000021        0x3 
 .data.uxCriticalNesting
                0x20000024        0x4 build/port.o
 .data.__atexit_recursive_mutex
                0x20000028        0x4 C:/Program Files (x86)/Arm GNU Toolchain arm-none-eabi/13.2 Rel1/bin/../lib/gcc/arm-none-eabi/13.2.1/thumb/v7e-m+fp/hard\libc.a(libc_a-__call_atexit.o)
                0x20000028                __atexit_recursive_mutex
                0x2000002c                        . = ALIGN (0x4)
                0x2000002c                        _edata = .

.tm_clone_table
                0x2000002c        0x0 load address 0x08003928
 .tm_clone_table
                0x2000002c        0x0 C:/Program Files (x86)/Arm GNU Toolchain arm-none-eabi/13.2 Rel1/bin/../lib/gcc/arm-none-eabi/13.2.1/thumb/v7e-m+fp/hard/crtbegin.o
 .tm_clone_table
                0x2000002c        0x0 C:/Program Files (x86)/Arm GNU Toolchain arm-none-eabi/13.2 Rel1/bin/../lib/gcc/arm-none-eabi/13.2.1/thumb/v7e-m+fp/hard/crtend.o

.igot.plt       0x2000002c        0x0 load address 0x08003928
 .igot.plt      0x2000002c        0x0 C:/Program Files (x86)/Arm GNU Toolchain arm-none-eabi/13.2 Rel1/bin/../lib/gcc/arm-none-eabi/13.2.1/thumb/v7e-m+fp/hard/crtbegin.o
                0x2000002c                        . = ALIGN (0x4)

.bss            0x2000002c     0x4bb4 load address 0x08003928
                0x2000002c                        _sbss = .
                0x2000002c                        __bss_start__ = _sbss
 *(.bss)
 *(.bss*)
 .bss.completed.1
                0x2000002c        0x1 C:/Program Files (x86)/Arm GNU Toolchain arm-none-eabi/13.2 Rel1/bin/../lib/gcc/arm-none-eabi/13.2.1/thumb/v7e-m+fp/hard/crtbegin.o
 *fill*         0x2000002d        0x3 
 .bss.object.0  0x20000030       0x18 C:/Program Files (x86)/Arm GNU Toolchain arm-none-eabi/13.2 Rel1/bin/../lib/gcc/arm-none-eabi/13.2.1/thumb/v7e-m+fp/hard/crtbegin.o
 .bss.defaultTaskHandle
                0x20000048        0x4 build/main.o
                0x20000048                defaultTaskHandle
 .bss.hqspi     0x2000004c       0x4c build/main.o
                0x2000004c                hqspi
 .bss.uwTick    0x20000098        0x4 build/stm32f4xx_hal.o
                0x20000098                uwTick
 .bss.USERPath  0x2000009c        0x4 build/fatfs.o
                0x2000009c                USERPath
 .bss.retUSER   0x200000a0        0x1 build/fatfs.o
                0x200000a0                retUSER
 *fill*         0x200000a1        0x3 
 .bss.htim1     0x200000a4       0x48 build/stm32f4xx_hal_timebase_tim.o
                0x200000a4                htim1
 .bss.disk      0x200000ec        0xc build/ff_gen_drv.o
                0x200000ec                disk
 .bss.xQueueRegistry
                0x200000f8       0x40 build/queue.o
                0x200000f8                xQueueRegistry
 .bss.uxSchedulerSuspended
                0x20000138        0x4 build/tasks.o
 .bss.xIdleTaskHandle
                0x2000013c        0x4 build/tasks.o
 .bss.xNextTaskUnblockTime
                0x20000140        0x4 build/tasks.o
 .bss.uxTaskNumber
                0x20000144        0x4 build/tasks.o
 .bss.xNumOfOverflows
                0x20000148        0x4 build/tasks.o
 .bss.xYieldPending
                0x2000014c        0x4 build/tasks.o
 .bss.xPendedTicks
                0x20000150        0x4 build/tasks.o
 .bss.xSchedulerRunning
                0x20000154        0x4 build/tasks.o
 .bss.uxTopReadyPriority
                0x20000158        0x4 build/tasks.o
 .bss.xTickCount
                0x2000015c        0x4 build/tasks.o
 .bss.uxCurrentNumberOfTasks
                0x20000160        0x4 build/tasks.o
 .bss.xSuspendedTaskList
                0x20000164       0x14 build/tasks.o
 .bss.uxDeletedTasksWaitingCleanUp
                0x20000178        0x4 build/tasks.o
 .bss.xTasksWaitingTermination
                0x2000017c       0x14 build/tasks.o
 .bss.xPendingReadyList
                0x20000190       0x14 build/tasks.o
 .bss.pxOverflowDelayedTaskList
                0x200001a4        0x4 build/tasks.o
 .bss.pxDelayedTaskList
                0x200001a8        0x4 build/tasks.o
 .bss.xDelayedTaskList2
                0x200001ac       0x14 build/tasks.o
 .bss.xDelayedTaskList1
                0x200001c0       0x14 build/tasks.o
 .bss.pxReadyTasksLists
                0x200001d4      0x460 build/tasks.o
 .bss.pxCurrentTCB
                0x20000634        0x4 build/tasks.o
                0x20000634                pxCurrentTCB
 .bss.xStaticTimerQueue.0
                0x20000638       0x50 build/timers.o
 .bss.ucStaticTimerQueueStorage.1
                0x20000688       0xa0 build/timers.o
 .bss.xLastTime.2
                0x20000728        0x4 build/timers.o
 .bss.xTimerTaskHandle
                0x2000072c        0x4 build/timers.o
 .bss.xTimerQueue
                0x20000730        0x4 build/timers.o
 .bss.pxOverflowTimerList
                0x20000734        0x4 build/timers.o
 .bss.pxCurrentTimerList
                0x20000738        0x4 build/timers.o
 .bss.xActiveTimerList2
                0x2000073c       0x14 build/timers.o
 .bss.xActiveTimerList1
                0x20000750       0x14 build/timers.o
 .bss.Timer_Stack.0
                0x20000764      0x400 build/cmsis_os2.o
 .bss.Timer_TCB.1
                0x20000b64       0x5c build/cmsis_os2.o
 .bss.Idle_Stack.2
                0x20000bc0      0x200 build/cmsis_os2.o
 .bss.Idle_TCB.3
                0x20000dc0       0x5c build/cmsis_os2.o
 .bss.KernelState
                0x20000e1c        0x4 build/cmsis_os2.o
 .bss.xBlockAllocatedBit
                0x20000e20        0x4 build/heap_4.o
 .bss.xNumberOfSuccessfulFrees
                0x20000e24        0x4 build/heap_4.o
 .bss.xNumberOfSuccessfulAllocations
                0x20000e28        0x4 build/heap_4.o
 .bss.xMinimumEverFreeBytesRemaining
                0x20000e2c        0x4 build/heap_4.o
 .bss.xFreeBytesRemaining
                0x20000e30        0x4 build/heap_4.o
 .bss.pxEnd     0x20000e34        0x4 build/heap_4.o
 .bss.xStart    0x20000e38        0x8 build/heap_4.o
 .bss.ucHeap    0x20000e40     0x3c00 build/heap_4.o
 .bss.ulMaxPRIGROUPValue
                0x20004a40        0x4 build/port.o
 .bss.ucMaxSysCallPriority
                0x20004a44        0x1 build/port.o
 *fill*         0x20004a45        0x3 
 .bss.__lock___atexit_recursive_mutex
                0x20004a48        0x1 C:/Program Files (x86)/Arm GNU Toolchain arm-none-eabi/13.2 Rel1/bin/../lib/gcc/arm-none-eabi/13.2.1/thumb/v7e-m+fp/hard\libc.a(libc_a-lock.o)
                0x20004a48                __lock___atexit_recursive_mutex
 *fill*         0x20004a49        0x3 
 .bss.__atexit  0x20004a4c        0x4 C:/Program Files (x86)/Arm GNU Toolchain arm-none-eabi/13.2 Rel1/bin/../lib/gcc/arm-none-eabi/13.2.1/thumb/v7e-m+fp/hard\libc.a(libc_a-__call_atexit.o)
                0x20004a4c                __atexit
 .bss.__atexit0
                0x20004a50      0x190 C:/Program Files (x86)/Arm GNU Toolchain arm-none-eabi/13.2 Rel1/bin/../lib/gcc/arm-none-eabi/13.2.1/thumb/v7e-m+fp/hard\libc.a(libc_a-__atexit.o)
                0x20004a50                __atexit0
 *(COMMON)
                0x20004be0                        . = ALIGN (0x4)
                0x20004be0                        _ebss = .
                0x20004be0                        __bss_end__ = _ebss

._user_heap_stack
                0x20004be0      0x600 load address 0x08003928
                0x20004be0                        . = ALIGN (0x8)
                0x20004be0                        PROVIDE (end = .)
                [!provide]                        PROVIDE (_end = .)
                0x20004de0                        . = (. + _Min_Heap_Size)
 *fill*         0x20004be0      0x200 
                0x200051e0                        . = (. + _Min_Stack_Size)
 *fill*         0x20004de0      0x400 
                0x200051e0                        . = ALIGN (0x8)

/DISCARD/
 libc.a(*)
 libm.a(*)
 libgcc.a(*)

.ARM.attributes
                0x00000000       0x30
 *(.ARM.attributes)
 .ARM.attributes
                0x00000000       0x22 C:/Program Files (x86)/Arm GNU Toolchain arm-none-eabi/13.2 Rel1/bin/../lib/gcc/arm-none-eabi/13.2.1/thumb/v7e-m+fp/hard/crti.o
 .ARM.attributes
                0x00000022       0x34 C:/Program Files (x86)/Arm GNU Toolchain arm-none-eabi/13.2 Rel1/bin/../lib/gcc/arm-none-eabi/13.2.1/thumb/v7e-m+fp/hard/crtbegin.o
 .ARM.attributes
                0x00000056       0x34 build/main.o
 .ARM.attributes
                0x0000008a       0x34 build/stm32f4xx_it.o
 .ARM.attributes
                0x000000be       0x34 build/stm32f4xx_hal_msp.o
 .ARM.attributes
                0x000000f2       0x34 build/stm32f4xx_hal_tim.o
 .ARM.attributes
                0x00000126       0x34 build/stm32f4xx_hal_tim_ex.o
 .ARM.attributes
                0x0000015a       0x34 build/stm32f4xx_hal_rcc.o
 .ARM.attributes
                0x0000018e       0x34 build/stm32f4xx_hal_rcc_ex.o
 .ARM.attributes
                0x000001c2       0x34 build/stm32f4xx_hal_gpio.o
 .ARM.attributes
                0x000001f6       0x34 build/stm32f4xx_hal_cortex.o
 .ARM.attributes
                0x0000022a       0x34 build/stm32f4xx_hal.o
 .ARM.attributes
                0x0000025e       0x34 build/system_stm32f4xx.o
 .ARM.attributes
                0x00000292       0x34 build/user_diskio.o
 .ARM.attributes
                0x000002c6       0x34 build/fatfs.o
 .ARM.attributes
                0x000002fa       0x34 build/stm32f4xx_hal_timebase_tim.o
 .ARM.attributes
                0x0000032e       0x34 build/stm32f4xx_hal_qspi.o
 .ARM.attributes
                0x00000362       0x34 build/ff_gen_drv.o
 .ARM.attributes
                0x00000396       0x34 build/list.o
 .ARM.attributes
                0x000003ca       0x34 build/queue.o
 .ARM.attributes
                0x000003fe       0x34 build/tasks.o
 .ARM.attributes
                0x00000432       0x34 build/timers.o
 .ARM.attributes
                0x00000466       0x34 build/cmsis_os2.o
 .ARM.attributes
                0x0000049a       0x34 build/heap_4.o
 .ARM.attributes
                0x000004ce       0x34 build/port.o
 .ARM.attributes
                0x00000502       0x21 build/startup_stm32f446xx.o
 .ARM.attributes
                0x00000523       0x34 C:/Program Files (x86)/Arm GNU Toolchain arm-none-eabi/13.2 Rel1/bin/../lib/gcc/arm-none-eabi/13.2.1/thumb/v7e-m+fp/hard\libc.a(libc_a-memset.o)
 .ARM.attributes
                0x00000557       0x34 C:/Program Files (x86)/Arm GNU Toolchain arm-none-eabi/13.2 Rel1/bin/../lib/gcc/arm-none-eabi/13.2.1/thumb/v7e-m+fp/hard\libc.a(libc_a-init.o)
 .ARM.attributes
                0x0000058b       0x34 C:/Program Files (x86)/Arm GNU Toolchain arm-none-eabi/13.2 Rel1/bin/../lib/gcc/arm-none-eabi/13.2.1/thumb/v7e-m+fp/hard\libc.a(libc_a-lock.o)
 .ARM.attributes
                0x000005bf       0x20 C:/Program Files (x86)/Arm GNU Toolchain arm-none-eabi/13.2 Rel1/bin/../lib/gcc/arm-none-eabi/13.2.1/thumb/v7e-m+fp/hard\libc.a(libc_a-memcpy.o)
 .ARM.attributes
                0x000005df       0x34 C:/Program Files (x86)/Arm GNU Toolchain arm-none-eabi/13.2 Rel1/bin/../lib/gcc/arm-none-eabi/13.2.1/thumb/v7e-m+fp/hard\libc.a(libc_a-__call_atexit.o)
 .ARM.attributes
                0x00000613       0x34 C:/Program Files (x86)/Arm GNU Toolchain arm-none-eabi/13.2 Rel1/bin/../lib/gcc/arm-none-eabi/13.2.1/thumb/v7e-m+fp/hard\libc.a(libc_a-atexit.o)
 .ARM.attributes
                0x00000647       0x34 C:/Program Files (x86)/Arm GNU Toolchain arm-none-eabi/13.2 Rel1/bin/../lib/gcc/arm-none-eabi/13.2.1/thumb/v7e-m+fp/hard\libc.a(libc_a-fini.o)
 .ARM.attributes
                0x0000067b       0x34 C:/Program Files (x86)/Arm GNU Toolchain arm-none-eabi/13.2 Rel1/bin/../lib/gcc/arm-none-eabi/13.2.1/thumb/v7e-m+fp/hard\libc.a(libc_a-__atexit.o)
 .ARM.attributes
                0x000006af       0x22 C:/Program Files (x86)/Arm GNU Toolchain arm-none-eabi/13.2 Rel1/bin/../lib/gcc/arm-none-eabi/13.2.1/thumb/v7e-m+fp/hard\libgcc.a(_aeabi_uldivmod.o)
 .ARM.attributes
                0x000006d1       0x34 C:/Program Files (x86)/Arm GNU Toolchain arm-none-eabi/13.2 Rel1/bin/../lib/gcc/arm-none-eabi/13.2.1/thumb/v7e-m+fp/hard\libgcc.a(_udivmoddi4.o)
 .ARM.attributes
                0x00000705       0x22 C:/Program Files (x86)/Arm GNU Toolchain arm-none-eabi/13.2 Rel1/bin/../lib/gcc/arm-none-eabi/13.2.1/thumb/v7e-m+fp/hard\libgcc.a(_dvmd_tls.o)
 .ARM.attributes
                0x00000727       0x34 C:/Program Files (x86)/Arm GNU Toolchain arm-none-eabi/13.2 Rel1/bin/../lib/gcc/arm-none-eabi/13.2.1/thumb/v7e-m+fp/hard/crtend.o
 .ARM.attributes
                0x0000075b       0x22 C:/Program Files (x86)/Arm GNU Toolchain arm-none-eabi/13.2 Rel1/bin/../lib/gcc/arm-none-eabi/13.2.1/thumb/v7e-m+fp/hard/crtn.o
OUTPUT(build/Astrea.elf elf32-littlearm)
LOAD linker stubs
LOAD C:/Program Files (x86)/Arm GNU Toolchain arm-none-eabi/13.2 Rel1/bin/../lib/gcc/arm-none-eabi/13.2.1/thumb/v7e-m+fp/hard\libc.a
LOAD C:/Program Files (x86)/Arm GNU Toolchain arm-none-eabi/13.2 Rel1/bin/../lib/gcc/arm-none-eabi/13.2.1/thumb/v7e-m+fp/hard\libm.a
LOAD C:/Program Files (x86)/Arm GNU Toolchain arm-none-eabi/13.2 Rel1/bin/../lib/gcc/arm-none-eabi/13.2.1/thumb/v7e-m+fp/hard\libgcc.a

.debug_info     0x00000000    0x1e63e
 .debug_info    0x00000000     0x166d build/main.o
 .debug_info    0x0000166d      0x7b1 build/stm32f4xx_it.o
 .debug_info    0x00001e1e      0xe0a build/stm32f4xx_hal_msp.o
 .debug_info    0x00002c28     0x41a0 build/stm32f4xx_hal_tim.o
 .debug_info    0x00006dc8     0x1da5 build/stm32f4xx_hal_tim_ex.o
 .debug_info    0x00008b6d      0xc5d build/stm32f4xx_hal_rcc.o
 .debug_info    0x000097ca      0xdd1 build/stm32f4xx_hal_rcc_ex.o
 .debug_info    0x0000a59b      0x8ac build/stm32f4xx_hal_gpio.o
 .debug_info    0x0000ae47     0x11c3 build/stm32f4xx_hal_cortex.o
 .debug_info    0x0000c00a      0xb5c build/stm32f4xx_hal.o
 .debug_info    0x0000cb66      0x5f7 build/system_stm32f4xx.o
 .debug_info    0x0000d15d      0x37d build/user_diskio.o
 .debug_info    0x0000d4da      0x593 build/fatfs.o
 .debug_info    0x0000da6d      0xe27 build/stm32f4xx_hal_timebase_tim.o
 .debug_info    0x0000e894     0x1b61 build/stm32f4xx_hal_qspi.o
 .debug_info    0x000103f5      0x452 build/ff_gen_drv.o
 .debug_info    0x00010847      0x30f build/list.o
 .debug_info    0x00010b56     0x2a48 build/queue.o
 .debug_info    0x0001359e     0x33ae build/tasks.o
 .debug_info    0x0001694c     0x1d2b build/timers.o
 .debug_info    0x00018677     0x53c9 build/cmsis_os2.o
 .debug_info    0x0001da40      0x60c build/heap_4.o
 .debug_info    0x0001e04c      0x5c2 build/port.o
 .debug_info    0x0001e60e       0x30 build/startup_stm32f446xx.o

.debug_abbrev   0x00000000     0x3be9
 .debug_abbrev  0x00000000      0x2de build/main.o
 .debug_abbrev  0x000002de      0x17d build/stm32f4xx_it.o
 .debug_abbrev  0x0000045b      0x1cf build/stm32f4xx_hal_msp.o
 .debug_abbrev  0x0000062a      0x2bd build/stm32f4xx_hal_tim.o
 .debug_abbrev  0x000008e7      0x2b7 build/stm32f4xx_hal_tim_ex.o
 .debug_abbrev  0x00000b9e      0x2de build/stm32f4xx_hal_rcc.o
 .debug_abbrev  0x00000e7c      0x25f build/stm32f4xx_hal_rcc_ex.o
 .debug_abbrev  0x000010db      0x22b build/stm32f4xx_hal_gpio.o
 .debug_abbrev  0x00001306      0x3d3 build/stm32f4xx_hal_cortex.o
 .debug_abbrev  0x000016d9      0x244 build/stm32f4xx_hal.o
 .debug_abbrev  0x0000191d      0x11b build/system_stm32f4xx.o
 .debug_abbrev  0x00001a38      0x14c build/user_diskio.o
 .debug_abbrev  0x00001b84      0x170 build/fatfs.o
 .debug_abbrev  0x00001cf4      0x22d build/stm32f4xx_hal_timebase_tim.o
 .debug_abbrev  0x00001f21      0x2b5 build/stm32f4xx_hal_qspi.o
 .debug_abbrev  0x000021d6      0x1c9 build/ff_gen_drv.o
 .debug_abbrev  0x0000239f      0x124 build/list.o
 .debug_abbrev  0x000024c3      0x431 build/queue.o
 .debug_abbrev  0x000028f4      0x400 build/tasks.o
 .debug_abbrev  0x00002cf4      0x3d4 build/timers.o
 .debug_abbrev  0x000030c8      0x5db build/cmsis_os2.o
 .debug_abbrev  0x000036a3      0x27a build/heap_4.o
 .debug_abbrev  0x0000391d      0x2af build/port.o
 .debug_abbrev  0x00003bcc       0x1d build/startup_stm32f446xx.o

.debug_loc      0x00000000    0x1a2b5
 .debug_loc     0x00000000      0x177 build/main.o
 .debug_loc     0x00000177       0x20 build/stm32f4xx_it.o
 .debug_loc     0x00000197      0x138 build/stm32f4xx_hal_msp.o
 .debug_loc     0x000002cf     0x6097 build/stm32f4xx_hal_tim.o
 .debug_loc     0x00006366     0x22d2 build/stm32f4xx_hal_tim_ex.o
 .debug_loc     0x00008638      0x720 build/stm32f4xx_hal_rcc.o
 .debug_loc     0x00008d58     0x101f build/stm32f4xx_hal_rcc_ex.o
 .debug_loc     0x00009d77      0x60b build/stm32f4xx_hal_gpio.o
 .debug_loc     0x0000a382      0x8ff build/stm32f4xx_hal_cortex.o
 .debug_loc     0x0000ac81      0x1f9 build/stm32f4xx_hal.o
 .debug_loc     0x0000ae7a      0x181 build/system_stm32f4xx.o
 .debug_loc     0x0000affb       0xd7 build/user_diskio.o
 .debug_loc     0x0000b0d2       0x20 build/fatfs.o
 .debug_loc     0x0000b0f2      0x10f build/stm32f4xx_hal_timebase_tim.o
 .debug_loc     0x0000b201     0x1b0b build/stm32f4xx_hal_qspi.o
 .debug_loc     0x0000cd0c      0x37c build/ff_gen_drv.o
 .debug_loc     0x0000d088       0xeb build/list.o
 .debug_loc     0x0000d173     0x20d9 build/queue.o
 .debug_loc     0x0000f24c     0x2bf5 build/tasks.o
 .debug_loc     0x00011e41     0x16fe build/timers.o
 .debug_loc     0x0001353f     0x6694 build/cmsis_os2.o
 .debug_loc     0x00019bd3      0x51c build/heap_4.o
 .debug_loc     0x0001a0ef      0x1c6 build/port.o

.debug_aranges  0x00000000     0x13d8
 .debug_aranges
                0x00000000       0x50 build/main.o
 .debug_aranges
                0x00000050       0x50 build/stm32f4xx_it.o
 .debug_aranges
                0x000000a0       0x30 build/stm32f4xx_hal_msp.o
 .debug_aranges
                0x000000d0      0x3d0 build/stm32f4xx_hal_tim.o
 .debug_aranges
                0x000004a0      0x168 build/stm32f4xx_hal_tim_ex.o
 .debug_aranges
                0x00000608       0x88 build/stm32f4xx_hal_rcc.o
 .debug_aranges
                0x00000690       0x78 build/stm32f4xx_hal_rcc_ex.o
 .debug_aranges
                0x00000708       0x58 build/stm32f4xx_hal_gpio.o
 .debug_aranges
                0x00000760       0xe8 build/stm32f4xx_hal_cortex.o
 .debug_aranges
                0x00000848       0xf0 build/stm32f4xx_hal.o
 .debug_aranges
                0x00000938       0x28 build/system_stm32f4xx.o
 .debug_aranges
                0x00000960       0x40 build/user_diskio.o
 .debug_aranges
                0x000009a0       0x28 build/fatfs.o
 .debug_aranges
                0x000009c8       0x30 build/stm32f4xx_hal_timebase_tim.o
 .debug_aranges
                0x000009f8      0x170 build/stm32f4xx_hal_qspi.o
 .debug_aranges
                0x00000b68       0x40 build/ff_gen_drv.o
 .debug_aranges
                0x00000ba8       0x40 build/list.o
 .debug_aranges
                0x00000be8      0x158 build/queue.o
 .debug_aranges
                0x00000d40      0x208 build/tasks.o
 .debug_aranges
                0x00000f48       0xf0 build/timers.o
 .debug_aranges
                0x00001038      0x2a0 build/cmsis_os2.o
 .debug_aranges
                0x000012d8       0x58 build/heap_4.o
 .debug_aranges
                0x00001330       0x80 build/port.o
 .debug_aranges
                0x000013b0       0x28 build/startup_stm32f446xx.o

.debug_ranges   0x00000000     0x14b8
 .debug_ranges  0x00000000       0x40 build/main.o
 .debug_ranges  0x00000040       0x40 build/stm32f4xx_it.o
 .debug_ranges  0x00000080       0x20 build/stm32f4xx_hal_msp.o
 .debug_ranges  0x000000a0      0x3c0 build/stm32f4xx_hal_tim.o
 .debug_ranges  0x00000460      0x158 build/stm32f4xx_hal_tim_ex.o
 .debug_ranges  0x000005b8       0x90 build/stm32f4xx_hal_rcc.o
 .debug_ranges  0x00000648       0x80 build/stm32f4xx_hal_rcc_ex.o
 .debug_ranges  0x000006c8       0x48 build/stm32f4xx_hal_gpio.o
 .debug_ranges  0x00000710       0xd8 build/stm32f4xx_hal_cortex.o
 .debug_ranges  0x000007e8       0xe0 build/stm32f4xx_hal.o
 .debug_ranges  0x000008c8       0x18 build/system_stm32f4xx.o
 .debug_ranges  0x000008e0       0x30 build/user_diskio.o
 .debug_ranges  0x00000910       0x18 build/fatfs.o
 .debug_ranges  0x00000928       0x20 build/stm32f4xx_hal_timebase_tim.o
 .debug_ranges  0x00000948      0x160 build/stm32f4xx_hal_qspi.o
 .debug_ranges  0x00000aa8       0x30 build/ff_gen_drv.o
 .debug_ranges  0x00000ad8       0x30 build/list.o
 .debug_ranges  0x00000b08      0x218 build/queue.o
 .debug_ranges  0x00000d20      0x338 build/tasks.o
 .debug_ranges  0x00001058       0xe0 build/timers.o
 .debug_ranges  0x00001138      0x290 build/cmsis_os2.o
 .debug_ranges  0x000013c8       0x48 build/heap_4.o
 .debug_ranges  0x00001410       0x88 build/port.o
 .debug_ranges  0x00001498       0x20 build/startup_stm32f446xx.o

.debug_line     0x00000000    0x153bd
 .debug_line    0x00000000      0x500 build/main.o
 .debug_line    0x00000500      0x25a build/stm32f4xx_it.o
 .debug_line    0x0000075a      0x2fd build/stm32f4xx_hal_msp.o
 .debug_line    0x00000a57     0x478e build/stm32f4xx_hal_tim.o
 .debug_line    0x000051e5     0x1ad7 build/stm32f4xx_hal_tim_ex.o
 .debug_line    0x00006cbc      0xbac build/stm32f4xx_hal_rcc.o
 .debug_line    0x00007868     0x1474 build/stm32f4xx_hal_rcc_ex.o
 .debug_line    0x00008cdc      0x701 build/stm32f4xx_hal_gpio.o
 .debug_line    0x000093dd      0x82f build/stm32f4xx_hal_cortex.o
 .debug_line    0x00009c0c      0x587 build/stm32f4xx_hal.o
 .debug_line    0x0000a193      0x269 build/system_stm32f4xx.o
 .debug_line    0x0000a3fc      0x114 build/user_diskio.o
 .debug_line    0x0000a510      0x1f9 build/fatfs.o
 .debug_line    0x0000a709      0x2e5 build/stm32f4xx_hal_timebase_tim.o
 .debug_line    0x0000a9ee     0x166f build/stm32f4xx_hal_qspi.o
 .debug_line    0x0000c05d      0x29c build/ff_gen_drv.o
 .debug_line    0x0000c2f9      0x375 build/list.o
 .debug_line    0x0000c66e     0x1d30 build/queue.o
 .debug_line    0x0000e39e     0x27f8 build/tasks.o
 .debug_line    0x00010b96      0xe1e build/timers.o
 .debug_line    0x000119b4     0x2c25 build/cmsis_os2.o
 .debug_line    0x000145d9      0x733 build/heap_4.o
 .debug_line    0x00014d0c      0x63e build/port.o
 .debug_line    0x0001534a       0x73 build/startup_stm32f446xx.o

.debug_str      0x00000000     0x7101
 .debug_str     0x00000000     0x7101 build/main.o
                               0x122d (size before relaxing)
 .debug_str     0x00007101      0x731 build/stm32f4xx_it.o
 .debug_str     0x00007101      0xd1b build/stm32f4xx_hal_msp.o
 .debug_str     0x00007101     0x16d6 build/stm32f4xx_hal_tim.o
 .debug_str     0x00007101      0xee2 build/stm32f4xx_hal_tim_ex.o
 .debug_str     0x00007101      0x707 build/stm32f4xx_hal_rcc.o
 .debug_str     0x00007101      0x7ee build/stm32f4xx_hal_rcc_ex.o
 .debug_str     0x00007101      0x4dc build/stm32f4xx_hal_gpio.o
 .debug_str     0x00007101      0xc5b build/stm32f4xx_hal_cortex.o
 .debug_str     0x00007101      0xba1 build/stm32f4xx_hal.o
 .debug_str     0x00007101      0x36c build/system_stm32f4xx.o
 .debug_str     0x00007101      0x26c build/user_diskio.o
 .debug_str     0x00007101      0x363 build/fatfs.o
 .debug_str     0x00007101      0xe94 build/stm32f4xx_hal_timebase_tim.o
 .debug_str     0x00007101      0xbf2 build/stm32f4xx_hal_qspi.o
 .debug_str     0x00007101      0x2d0 build/ff_gen_drv.o
 .debug_str     0x00007101      0x2d9 build/list.o
 .debug_str     0x00007101      0xcef build/queue.o
 .debug_str     0x00007101     0x12be build/tasks.o
 .debug_str     0x00007101      0xc1f build/timers.o
 .debug_str     0x00007101     0x21db build/cmsis_os2.o
 .debug_str     0x00007101      0x4f2 build/heap_4.o
 .debug_str     0x00007101      0x459 build/port.o
 .debug_str     0x00007101       0x59 build/startup_stm32f446xx.o

.comment        0x00000000       0x44
 .comment       0x00000000       0x44 build/main.o
                                 0x45 (size before relaxing)
 .comment       0x00000044       0x45 build/stm32f4xx_it.o
 .comment       0x00000044       0x45 build/stm32f4xx_hal_msp.o
 .comment       0x00000044       0x45 build/stm32f4xx_hal_tim.o
 .comment       0x00000044       0x45 build/stm32f4xx_hal_tim_ex.o
 .comment       0x00000044       0x45 build/stm32f4xx_hal_rcc.o
 .comment       0x00000044       0x45 build/stm32f4xx_hal_rcc_ex.o
 .comment       0x00000044       0x45 build/stm32f4xx_hal_gpio.o
 .comment       0x00000044       0x45 build/stm32f4xx_hal_cortex.o
 .comment       0x00000044       0x45 build/stm32f4xx_hal.o
 .comment       0x00000044       0x45 build/system_stm32f4xx.o
 .comment       0x00000044       0x45 build/user_diskio.o
 .comment       0x00000044       0x45 build/fatfs.o
 .comment       0x00000044       0x45 build/stm32f4xx_hal_timebase_tim.o
 .comment       0x00000044       0x45 build/stm32f4xx_hal_qspi.o
 .comment       0x00000044       0x45 build/ff_gen_drv.o
 .comment       0x00000044       0x45 build/list.o
 .comment       0x00000044       0x45 build/queue.o
 .comment       0x00000044       0x45 build/tasks.o
 .comment       0x00000044       0x45 build/timers.o
 .comment       0x00000044       0x45 build/cmsis_os2.o
 .comment       0x00000044       0x45 build/heap_4.o
 .comment       0x00000044       0x45 build/port.o

.debug_frame    0x00000000     0x39a4
 .debug_frame   0x00000000       0xc0 build/main.o
 .debug_frame   0x000000c0       0x88 build/stm32f4xx_it.o
 .debug_frame   0x00000148       0x6c build/stm32f4xx_hal_msp.o
 .debug_frame   0x000001b4      0xb10 build/stm32f4xx_hal_tim.o
 .debug_frame   0x00000cc4      0x418 build/stm32f4xx_hal_tim_ex.o
 .debug_frame   0x000010dc      0x16c build/stm32f4xx_hal_rcc.o
 .debug_frame   0x00001248      0x14c build/stm32f4xx_hal_rcc_ex.o
 .debug_frame   0x00001394       0xd8 build/stm32f4xx_hal_gpio.o
 .debug_frame   0x0000146c      0x1f4 build/stm32f4xx_hal_cortex.o
 .debug_frame   0x00001660      0x1ec build/stm32f4xx_hal.o
 .debug_frame   0x0000184c       0x30 build/system_stm32f4xx.o
 .debug_frame   0x0000187c       0x60 build/user_diskio.o
 .debug_frame   0x000018dc       0x38 build/fatfs.o
 .debug_frame   0x00001914       0x54 build/stm32f4xx_hal_timebase_tim.o
 .debug_frame   0x00001968      0x430 build/stm32f4xx_hal_qspi.o
 .debug_frame   0x00001d98       0x7c build/ff_gen_drv.o
 .debug_frame   0x00001e14       0x70 build/list.o
 .debug_frame   0x00001e84      0x458 build/queue.o
 .debug_frame   0x000022dc      0x684 build/tasks.o
 .debug_frame   0x00002960      0x30c build/timers.o
 .debug_frame   0x00002c6c      0x90c build/cmsis_os2.o
 .debug_frame   0x00003578       0xd0 build/heap_4.o
 .debug_frame   0x00003648      0x110 build/port.o
 .debug_frame   0x00003758       0x2c C:/Program Files (x86)/Arm GNU Toolchain arm-none-eabi/13.2 Rel1/bin/../lib/gcc/arm-none-eabi/13.2.1/thumb/v7e-m+fp/hard\libc.a(libc_a-memset.o)
 .debug_frame   0x00003784       0x2c C:/Program Files (x86)/Arm GNU Toolchain arm-none-eabi/13.2 Rel1/bin/../lib/gcc/arm-none-eabi/13.2.1/thumb/v7e-m+fp/hard\libc.a(libc_a-init.o)
 .debug_frame   0x000037b0       0xb0 C:/Program Files (x86)/Arm GNU Toolchain arm-none-eabi/13.2 Rel1/bin/../lib/gcc/arm-none-eabi/13.2.1/thumb/v7e-m+fp/hard\libc.a(libc_a-lock.o)
 .debug_frame   0x00003860       0x5c C:/Program Files (x86)/Arm GNU Toolchain arm-none-eabi/13.2 Rel1/bin/../lib/gcc/arm-none-eabi/13.2.1/thumb/v7e-m+fp/hard\libc.a(libc_a-__call_atexit.o)
 .debug_frame   0x000038bc       0x20 C:/Program Files (x86)/Arm GNU Toolchain arm-none-eabi/13.2 Rel1/bin/../lib/gcc/arm-none-eabi/13.2.1/thumb/v7e-m+fp/hard\libc.a(libc_a-atexit.o)
 .debug_frame   0x000038dc       0x34 C:/Program Files (x86)/Arm GNU Toolchain arm-none-eabi/13.2 Rel1/bin/../lib/gcc/arm-none-eabi/13.2.1/thumb/v7e-m+fp/hard\libc.a(libc_a-fini.o)
 .debug_frame   0x00003910       0x34 C:/Program Files (x86)/Arm GNU Toolchain arm-none-eabi/13.2 Rel1/bin/../lib/gcc/arm-none-eabi/13.2.1/thumb/v7e-m+fp/hard\libc.a(libc_a-__atexit.o)
 .debug_frame   0x00003944       0x2c C:/Program Files (x86)/Arm GNU Toolchain arm-none-eabi/13.2 Rel1/bin/../lib/gcc/arm-none-eabi/13.2.1/thumb/v7e-m+fp/hard\libgcc.a(_aeabi_uldivmod.o)
 .debug_frame   0x00003970       0x34 C:/Program Files (x86)/Arm GNU Toolchain arm-none-eabi/13.2 Rel1/bin/../lib/gcc/arm-none-eabi/13.2.1/thumb/v7e-m+fp/hard\libgcc.a(_udivmoddi4.o)

.debug_line_str
                0x00000000      0x1b8
 .debug_line_str
                0x00000000      0x1b8 C:/Program Files (x86)/Arm GNU Toolchain arm-none-eabi/13.2 Rel1/bin/../lib/gcc/arm-none-eabi/13.2.1/thumb/v7e-m+fp/hard\libc.a(libc_a-memcpy.o)
                                 0xe3 (size before relaxing)
 .debug_line_str
                0x000001b8       0xc9 C:/Program Files (x86)/Arm GNU Toolchain arm-none-eabi/13.2 Rel1/bin/../lib/gcc/arm-none-eabi/13.2.1/thumb/v7e-m+fp/hard\libgcc.a(_aeabi_uldivmod.o)
 .debug_line_str
                0x000001b8       0xcd C:/Program Files (x86)/Arm GNU Toolchain arm-none-eabi/13.2 Rel1/bin/../lib/gcc/arm-none-eabi/13.2.1/thumb/v7e-m+fp/hard\libgcc.a(_dvmd_tls.o)

Cross Reference Table

Symbol                                            File
ADC_IRQHandler                                    build/startup_stm32f446xx.o
AHBPrescTable                                     build/system_stm32f4xx.o
                                                  build/stm32f4xx_hal_rcc.o
APBPrescTable                                     build/system_stm32f4xx.o
                                                  build/stm32f4xx_hal_rcc.o
BusFault_Handler                                  build/stm32f4xx_it.o
CAN1_RX0_IRQHandler                               build/startup_stm32f446xx.o
CAN1_RX1_IRQHandler                               build/startup_stm32f446xx.o
CAN1_SCE_IRQHandler                               build/startup_stm32f446xx.o
CAN1_TX_IRQHandler                                build/startup_stm32f446xx.o
CAN2_RX0_IRQHandler                               build/startup_stm32f446xx.o
CAN2_RX1_IRQHandler                               build/startup_stm32f446xx.o
CAN2_SCE_IRQHandler                               build/startup_stm32f446xx.o
CAN2_TX_IRQHandler                                build/startup_stm32f446xx.o
CEC_IRQHandler                                    build/startup_stm32f446xx.o
DCMI_IRQHandler                                   build/startup_stm32f446xx.o
DMA1_Stream0_IRQHandler                           build/startup_stm32f446xx.o
DMA1_Stream1_IRQHandler                           build/startup_stm32f446xx.o
DMA1_Stream2_IRQHandler                           build/startup_stm32f446xx.o
DMA1_Stream3_IRQHandler                           build/startup_stm32f446xx.o
DMA1_Stream4_IRQHandler                           build/startup_stm32f446xx.o
DMA1_Stream5_IRQHandler                           build/startup_stm32f446xx.o
DMA1_Stream6_IRQHandler                           build/startup_stm32f446xx.o
DMA1_Stream7_IRQHandler                           build/startup_stm32f446xx.o
DMA2_Stream0_IRQHandler                           build/startup_stm32f446xx.o
DMA2_Stream1_IRQHandler                           build/startup_stm32f446xx.o
DMA2_Stream2_IRQHandler                           build/startup_stm32f446xx.o
DMA2_Stream3_IRQHandler                           build/startup_stm32f446xx.o
DMA2_Stream4_IRQHandler                           build/startup_stm32f446xx.o
DMA2_Stream5_IRQHandler                           build/startup_stm32f446xx.o
DMA2_Stream6_IRQHandler                           build/startup_stm32f446xx.o
DMA2_Stream7_IRQHandler                           build/startup_stm32f446xx.o
DebugMon_Handler                                  build/stm32f4xx_it.o
Default_Handler                                   build/startup_stm32f446xx.o
EXTI0_IRQHandler                                  build/startup_stm32f446xx.o
EXTI15_10_IRQHandler                              build/startup_stm32f446xx.o
EXTI1_IRQHandler                                  build/startup_stm32f446xx.o
EXTI2_IRQHandler                                  build/startup_stm32f446xx.o
EXTI3_IRQHandler                                  build/startup_stm32f446xx.o
EXTI4_IRQHandler                                  build/startup_stm32f446xx.o
EXTI9_5_IRQHandler                                build/startup_stm32f446xx.o
Error_Handler                                     build/main.o
FATFS_GetAttachedDriversNbr                       build/ff_gen_drv.o
FATFS_LinkDriver                                  build/ff_gen_drv.o
                                                  build/fatfs.o
FATFS_LinkDriverEx                                build/ff_gen_drv.o
FATFS_UnLinkDriver                                build/ff_gen_drv.o
FATFS_UnLinkDriverEx                              build/ff_gen_drv.o
FLASH_Erase_Sector                                build/stm32f4xx_hal_flash_ex.o
                                                  build/stm32f4xx_hal_flash.o
FLASH_FlushCaches                                 build/stm32f4xx_hal_flash_ex.o
                                                  build/stm32f4xx_hal_flash.o
FLASH_IRQHandler                                  build/startup_stm32f446xx.o
FLASH_WaitForLastOperation                        build/stm32f4xx_hal_flash.o
                                                  build/stm32f4xx_hal_flash_ex.o
FMC_IRQHandler                                    build/startup_stm32f446xx.o
FMPI2C1_ER_IRQHandler                             build/startup_stm32f446xx.o
FMPI2C1_EV_IRQHandler                             build/startup_stm32f446xx.o
FPU_IRQHandler                                    build/startup_stm32f446xx.o
HAL_CORTEX_ClearEvent                             build/stm32f4xx_hal_cortex.o
HAL_DBGMCU_DisableDBGSleepMode                    build/stm32f4xx_hal.o
HAL_DBGMCU_DisableDBGStandbyMode                  build/stm32f4xx_hal.o
HAL_DBGMCU_DisableDBGStopMode                     build/stm32f4xx_hal.o
HAL_DBGMCU_EnableDBGSleepMode                     build/stm32f4xx_hal.o
HAL_DBGMCU_EnableDBGStandbyMode                   build/stm32f4xx_hal.o
HAL_DBGMCU_EnableDBGStopMode                      build/stm32f4xx_hal.o
HAL_DMAEx_ChangeMemory                            build/stm32f4xx_hal_dma_ex.o
HAL_DMAEx_MultiBufferStart                        build/stm32f4xx_hal_dma_ex.o
HAL_DMAEx_MultiBufferStart_IT                     build/stm32f4xx_hal_dma_ex.o
HAL_DMA_Abort                                     build/stm32f4xx_hal_dma.o
                                                  build/stm32f4xx_hal_qspi.o
HAL_DMA_Abort_IT                                  build/stm32f4xx_hal_dma.o
                                                  build/stm32f4xx_hal_qspi.o
                                                  build/stm32f4xx_hal_tim_ex.o
                                                  build/stm32f4xx_hal_tim.o
HAL_DMA_DeInit                                    build/stm32f4xx_hal_dma.o
HAL_DMA_GetError                                  build/stm32f4xx_hal_dma.o
                                                  build/stm32f4xx_hal_qspi.o
HAL_DMA_GetState                                  build/stm32f4xx_hal_dma.o
HAL_DMA_IRQHandler                                build/stm32f4xx_hal_dma.o
HAL_DMA_Init                                      build/stm32f4xx_hal_dma.o
HAL_DMA_PollForTransfer                           build/stm32f4xx_hal_dma.o
HAL_DMA_RegisterCallback                          build/stm32f4xx_hal_dma.o
HAL_DMA_Start                                     build/stm32f4xx_hal_dma.o
HAL_DMA_Start_IT                                  build/stm32f4xx_hal_dma.o
                                                  build/stm32f4xx_hal_qspi.o
                                                  build/stm32f4xx_hal_tim_ex.o
                                                  build/stm32f4xx_hal_tim.o
HAL_DMA_UnRegisterCallback                        build/stm32f4xx_hal_dma.o
HAL_DeInit                                        build/stm32f4xx_hal.o
HAL_Delay                                         build/stm32f4xx_hal.o
HAL_DisableCompensationCell                       build/stm32f4xx_hal.o
HAL_EXTI_ClearConfigLine                          build/stm32f4xx_hal_exti.o
HAL_EXTI_ClearPending                             build/stm32f4xx_hal_exti.o
HAL_EXTI_GenerateSWI                              build/stm32f4xx_hal_exti.o
HAL_EXTI_GetConfigLine                            build/stm32f4xx_hal_exti.o
HAL_EXTI_GetHandle                                build/stm32f4xx_hal_exti.o
HAL_EXTI_GetPending                               build/stm32f4xx_hal_exti.o
HAL_EXTI_IRQHandler                               build/stm32f4xx_hal_exti.o
HAL_EXTI_RegisterCallback                         build/stm32f4xx_hal_exti.o
HAL_EXTI_SetConfigLine                            build/stm32f4xx_hal_exti.o
HAL_EnableCompensationCell                        build/stm32f4xx_hal.o
HAL_FLASHEx_AdvOBGetConfig                        build/stm32f4xx_hal_flash_ex.o
HAL_FLASHEx_AdvOBProgram                          build/stm32f4xx_hal_flash_ex.o
HAL_FLASHEx_DisableFlashSleepMode                 build/stm32f4xx_hal_flash_ramfunc.o
HAL_FLASHEx_EnableFlashSleepMode                  build/stm32f4xx_hal_flash_ramfunc.o
HAL_FLASHEx_Erase                                 build/stm32f4xx_hal_flash_ex.o
HAL_FLASHEx_Erase_IT                              build/stm32f4xx_hal_flash_ex.o
HAL_FLASHEx_OBGetConfig                           build/stm32f4xx_hal_flash_ex.o
HAL_FLASHEx_OBProgram                             build/stm32f4xx_hal_flash_ex.o
HAL_FLASHEx_OB_DeSelectPCROP                      build/stm32f4xx_hal_flash_ex.o
HAL_FLASHEx_OB_SelectPCROP                        build/stm32f4xx_hal_flash_ex.o
HAL_FLASHEx_StartFlashInterfaceClk                build/stm32f4xx_hal_flash_ramfunc.o
HAL_FLASHEx_StopFlashInterfaceClk                 build/stm32f4xx_hal_flash_ramfunc.o
HAL_FLASH_EndOfOperationCallback                  build/stm32f4xx_hal_flash.o
HAL_FLASH_GetError                                build/stm32f4xx_hal_flash.o
HAL_FLASH_IRQHandler                              build/stm32f4xx_hal_flash.o
HAL_FLASH_Lock                                    build/stm32f4xx_hal_flash.o
HAL_FLASH_OB_Launch                               build/stm32f4xx_hal_flash.o
HAL_FLASH_OB_Lock                                 build/stm32f4xx_hal_flash.o
HAL_FLASH_OB_Unlock                               build/stm32f4xx_hal_flash.o
HAL_FLASH_OperationErrorCallback                  build/stm32f4xx_hal_flash.o
HAL_FLASH_Program                                 build/stm32f4xx_hal_flash.o
HAL_FLASH_Program_IT                              build/stm32f4xx_hal_flash.o
HAL_FLASH_Unlock                                  build/stm32f4xx_hal_flash.o
HAL_GPIO_DeInit                                   build/stm32f4xx_hal_gpio.o
                                                  build/stm32f4xx_hal_msp.o
HAL_GPIO_EXTI_Callback                            build/stm32f4xx_hal_gpio.o
HAL_GPIO_EXTI_IRQHandler                          build/stm32f4xx_hal_gpio.o
HAL_GPIO_Init                                     build/stm32f4xx_hal_gpio.o
                                                  build/stm32f4xx_hal_rcc.o
                                                  build/stm32f4xx_hal_msp.o
                                                  build/main.o
HAL_GPIO_LockPin                                  build/stm32f4xx_hal_gpio.o
HAL_GPIO_ReadPin                                  build/stm32f4xx_hal_gpio.o
HAL_GPIO_TogglePin                                build/stm32f4xx_hal_gpio.o
HAL_GPIO_WritePin                                 build/stm32f4xx_hal_gpio.o
                                                  build/main.o
HAL_GetDEVID                                      build/stm32f4xx_hal.o
HAL_GetHalVersion                                 build/stm32f4xx_hal.o
HAL_GetREVID                                      build/stm32f4xx_hal.o
HAL_GetTick                                       build/stm32f4xx_hal.o
                                                  build/stm32f4xx_hal_qspi.o
                                                  build/stm32f4xx_hal_pwr_ex.o
                                                  build/stm32f4xx_hal_dma.o
                                                  build/stm32f4xx_hal_flash.o
                                                  build/stm32f4xx_hal_rcc_ex.o
                                                  build/stm32f4xx_hal_rcc.o
HAL_GetTickFreq                                   build/stm32f4xx_hal.o
HAL_GetTickPrio                                   build/stm32f4xx_hal.o
HAL_GetUIDw0                                      build/stm32f4xx_hal.o
HAL_GetUIDw1                                      build/stm32f4xx_hal.o
HAL_GetUIDw2                                      build/stm32f4xx_hal.o
HAL_IncTick                                       build/stm32f4xx_hal.o
                                                  build/main.o
HAL_Init                                          build/stm32f4xx_hal.o
                                                  build/main.o
HAL_InitTick                                      build/stm32f4xx_hal_timebase_tim.o
                                                  build/stm32f4xx_hal.o
                                                  build/stm32f4xx_hal_rcc_ex.o
                                                  build/stm32f4xx_hal_rcc.o
HAL_MPU_ConfigRegion                              build/stm32f4xx_hal_cortex.o
HAL_MPU_Disable                                   build/stm32f4xx_hal_cortex.o
HAL_MPU_Enable                                    build/stm32f4xx_hal_cortex.o
HAL_MspDeInit                                     build/stm32f4xx_hal.o
HAL_MspInit                                       build/stm32f4xx_hal_msp.o
HAL_NVIC_ClearPendingIRQ                          build/stm32f4xx_hal_cortex.o
HAL_NVIC_DisableIRQ                               build/stm32f4xx_hal_cortex.o
HAL_NVIC_EnableIRQ                                build/stm32f4xx_hal_cortex.o
                                                  build/stm32f4xx_hal_timebase_tim.o
HAL_NVIC_GetActive                                build/stm32f4xx_hal_cortex.o
HAL_NVIC_GetPendingIRQ                            build/stm32f4xx_hal_cortex.o
HAL_NVIC_GetPriority                              build/stm32f4xx_hal_cortex.o
HAL_NVIC_GetPriorityGrouping                      build/stm32f4xx_hal_cortex.o
HAL_NVIC_SetPendingIRQ                            build/stm32f4xx_hal_cortex.o
HAL_NVIC_SetPriority                              build/stm32f4xx_hal_cortex.o
                                                  build/stm32f4xx_hal_timebase_tim.o
                                                  build/stm32f4xx_hal.o
                                                  build/stm32f4xx_hal_msp.o
HAL_NVIC_SetPriorityGrouping                      build/stm32f4xx_hal_cortex.o
                                                  build/stm32f4xx_hal.o
HAL_NVIC_SystemReset                              build/stm32f4xx_hal_cortex.o
HAL_PWREx_ControlVoltageScaling                   build/stm32f4xx_hal_pwr_ex.o
HAL_PWREx_DisableBkUpReg                          build/stm32f4xx_hal_pwr_ex.o
HAL_PWREx_DisableFlashPowerDown                   build/stm32f4xx_hal_pwr_ex.o
HAL_PWREx_DisableOverDrive                        build/stm32f4xx_hal_pwr_ex.o
HAL_PWREx_EnableBkUpReg                           build/stm32f4xx_hal_pwr_ex.o
HAL_PWREx_EnableFlashPowerDown                    build/stm32f4xx_hal_pwr_ex.o
HAL_PWREx_EnableOverDrive                         build/stm32f4xx_hal_pwr_ex.o
HAL_PWREx_EnterUnderDriveSTOPMode                 build/stm32f4xx_hal_pwr_ex.o
HAL_PWREx_GetVoltageRange                         build/stm32f4xx_hal_pwr_ex.o
HAL_PWR_ConfigPVD                                 build/stm32f4xx_hal_pwr.o
HAL_PWR_DeInit                                    build/stm32f4xx_hal_pwr.o
HAL_PWR_DisableBkUpAccess                         build/stm32f4xx_hal_pwr.o
HAL_PWR_DisablePVD                                build/stm32f4xx_hal_pwr.o
HAL_PWR_DisableSEVOnPend                          build/stm32f4xx_hal_pwr.o
HAL_PWR_DisableSleepOnExit                        build/stm32f4xx_hal_pwr.o
HAL_PWR_DisableWakeUpPin                          build/stm32f4xx_hal_pwr.o
HAL_PWR_EnableBkUpAccess                          build/stm32f4xx_hal_pwr.o
HAL_PWR_EnablePVD                                 build/stm32f4xx_hal_pwr.o
HAL_PWR_EnableSEVOnPend                           build/stm32f4xx_hal_pwr.o
HAL_PWR_EnableSleepOnExit                         build/stm32f4xx_hal_pwr.o
HAL_PWR_EnableWakeUpPin                           build/stm32f4xx_hal_pwr.o
HAL_PWR_EnterSLEEPMode                            build/stm32f4xx_hal_pwr.o
HAL_PWR_EnterSTANDBYMode                          build/stm32f4xx_hal_pwr.o
HAL_PWR_EnterSTOPMode                             build/stm32f4xx_hal_pwr.o
HAL_PWR_PVDCallback                               build/stm32f4xx_hal_pwr.o
HAL_PWR_PVD_IRQHandler                            build/stm32f4xx_hal_pwr.o
HAL_QSPI_Abort                                    build/stm32f4xx_hal_qspi.o
HAL_QSPI_AbortCpltCallback                        build/stm32f4xx_hal_qspi.o
HAL_QSPI_Abort_IT                                 build/stm32f4xx_hal_qspi.o
HAL_QSPI_AutoPolling                              build/stm32f4xx_hal_qspi.o
HAL_QSPI_AutoPolling_IT                           build/stm32f4xx_hal_qspi.o
HAL_QSPI_CmdCpltCallback                          build/stm32f4xx_hal_qspi.o
HAL_QSPI_Command                                  build/stm32f4xx_hal_qspi.o
HAL_QSPI_Command_IT                               build/stm32f4xx_hal_qspi.o
HAL_QSPI_DeInit                                   build/stm32f4xx_hal_qspi.o
HAL_QSPI_ErrorCallback                            build/stm32f4xx_hal_qspi.o
HAL_QSPI_FifoThresholdCallback                    build/stm32f4xx_hal_qspi.o
HAL_QSPI_GetError                                 build/stm32f4xx_hal_qspi.o
HAL_QSPI_GetFifoThreshold                         build/stm32f4xx_hal_qspi.o
HAL_QSPI_GetState                                 build/stm32f4xx_hal_qspi.o
HAL_QSPI_IRQHandler                               build/stm32f4xx_hal_qspi.o
HAL_QSPI_Init                                     build/stm32f4xx_hal_qspi.o
                                                  build/main.o
HAL_QSPI_MemoryMapped                             build/stm32f4xx_hal_qspi.o
HAL_QSPI_MspDeInit                                build/stm32f4xx_hal_msp.o
HAL_QSPI_MspInit                                  build/stm32f4xx_hal_msp.o
HAL_QSPI_Receive                                  build/stm32f4xx_hal_qspi.o
HAL_QSPI_Receive_DMA                              build/stm32f4xx_hal_qspi.o
HAL_QSPI_Receive_IT                               build/stm32f4xx_hal_qspi.o
HAL_QSPI_RxCpltCallback                           build/stm32f4xx_hal_qspi.o
HAL_QSPI_RxHalfCpltCallback                       build/stm32f4xx_hal_qspi.o
HAL_QSPI_SetFifoThreshold                         build/stm32f4xx_hal_qspi.o
HAL_QSPI_SetFlashID                               build/stm32f4xx_hal_qspi.o
HAL_QSPI_SetTimeout                               build/stm32f4xx_hal_qspi.o
HAL_QSPI_StatusMatchCallback                      build/stm32f4xx_hal_qspi.o
HAL_QSPI_TimeOutCallback                          build/stm32f4xx_hal_qspi.o
HAL_QSPI_Transmit                                 build/stm32f4xx_hal_qspi.o
HAL_QSPI_Transmit_DMA                             build/stm32f4xx_hal_qspi.o
HAL_QSPI_Transmit_IT                              build/stm32f4xx_hal_qspi.o
HAL_QSPI_TxCpltCallback                           build/stm32f4xx_hal_qspi.o
HAL_QSPI_TxHalfCpltCallback                       build/stm32f4xx_hal_qspi.o
HAL_RCCEx_DisablePLLI2S                           build/stm32f4xx_hal_rcc_ex.o
HAL_RCCEx_DisablePLLSAI                           build/stm32f4xx_hal_rcc_ex.o
HAL_RCCEx_EnablePLLI2S                            build/stm32f4xx_hal_rcc_ex.o
HAL_RCCEx_EnablePLLSAI                            build/stm32f4xx_hal_rcc_ex.o
HAL_RCCEx_GetPeriphCLKConfig                      build/stm32f4xx_hal_rcc_ex.o
HAL_RCCEx_GetPeriphCLKFreq                        build/stm32f4xx_hal_rcc_ex.o
HAL_RCCEx_PeriphCLKConfig                         build/stm32f4xx_hal_rcc_ex.o
HAL_RCCEx_SelectLSEMode                           build/stm32f4xx_hal_rcc_ex.o
HAL_RCC_CSSCallback                               build/stm32f4xx_hal_rcc.o
HAL_RCC_ClockConfig                               build/stm32f4xx_hal_rcc.o
                                                  build/main.o
HAL_RCC_DeInit                                    build/stm32f4xx_hal_rcc_ex.o
                                                  build/stm32f4xx_hal_rcc.o
HAL_RCC_DisableCSS                                build/stm32f4xx_hal_rcc.o
HAL_RCC_EnableCSS                                 build/stm32f4xx_hal_rcc.o
HAL_RCC_GetClockConfig                            build/stm32f4xx_hal_rcc.o
                                                  build/stm32f4xx_hal_timebase_tim.o
HAL_RCC_GetHCLKFreq                               build/stm32f4xx_hal_rcc.o
HAL_RCC_GetOscConfig                              build/stm32f4xx_hal_rcc_ex.o
                                                  build/stm32f4xx_hal_rcc.o
HAL_RCC_GetPCLK1Freq                              build/stm32f4xx_hal_rcc.o
HAL_RCC_GetPCLK2Freq                              build/stm32f4xx_hal_rcc.o
                                                  build/stm32f4xx_hal_timebase_tim.o
HAL_RCC_GetSysClockFreq                           build/stm32f4xx_hal_rcc_ex.o
                                                  build/stm32f4xx_hal_rcc.o
HAL_RCC_MCOConfig                                 build/stm32f4xx_hal_rcc.o
HAL_RCC_NMI_IRQHandler                            build/stm32f4xx_hal_rcc.o
HAL_RCC_OscConfig                                 build/stm32f4xx_hal_rcc_ex.o
                                                  build/stm32f4xx_hal_rcc.o
                                                  build/main.o
HAL_ResumeTick                                    build/stm32f4xx_hal_timebase_tim.o
                                                  build/stm32f4xx_hal.o
HAL_SYSTICK_CLKSourceConfig                       build/stm32f4xx_hal_cortex.o
HAL_SYSTICK_Callback                              build/stm32f4xx_hal_cortex.o
HAL_SYSTICK_Config                                build/stm32f4xx_hal_cortex.o
                                                  build/stm32f4xx_hal.o
HAL_SYSTICK_IRQHandler                            build/stm32f4xx_hal_cortex.o
HAL_SetTickFreq                                   build/stm32f4xx_hal.o
HAL_SuspendTick                                   build/stm32f4xx_hal_timebase_tim.o
                                                  build/stm32f4xx_hal.o
HAL_TIMEx_BreakCallback                           build/stm32f4xx_hal_tim_ex.o
                                                  build/stm32f4xx_hal_tim.o
HAL_TIMEx_CommutCallback                          build/stm32f4xx_hal_tim_ex.o
                                                  build/stm32f4xx_hal_tim.o
HAL_TIMEx_CommutHalfCpltCallback                  build/stm32f4xx_hal_tim_ex.o
HAL_TIMEx_ConfigBreakDeadTime                     build/stm32f4xx_hal_tim_ex.o
HAL_TIMEx_ConfigCommutEvent                       build/stm32f4xx_hal_tim_ex.o
HAL_TIMEx_ConfigCommutEvent_DMA                   build/stm32f4xx_hal_tim_ex.o
HAL_TIMEx_ConfigCommutEvent_IT                    build/stm32f4xx_hal_tim_ex.o
HAL_TIMEx_GetChannelNState                        build/stm32f4xx_hal_tim_ex.o
HAL_TIMEx_HallSensor_DeInit                       build/stm32f4xx_hal_tim_ex.o
HAL_TIMEx_HallSensor_GetState                     build/stm32f4xx_hal_tim_ex.o
HAL_TIMEx_HallSensor_Init                         build/stm32f4xx_hal_tim_ex.o
HAL_TIMEx_HallSensor_MspDeInit                    build/stm32f4xx_hal_tim_ex.o
HAL_TIMEx_HallSensor_MspInit                      build/stm32f4xx_hal_tim_ex.o
HAL_TIMEx_HallSensor_Start                        build/stm32f4xx_hal_tim_ex.o
HAL_TIMEx_HallSensor_Start_DMA                    build/stm32f4xx_hal_tim_ex.o
HAL_TIMEx_HallSensor_Start_IT                     build/stm32f4xx_hal_tim_ex.o
HAL_TIMEx_HallSensor_Stop                         build/stm32f4xx_hal_tim_ex.o
HAL_TIMEx_HallSensor_Stop_DMA                     build/stm32f4xx_hal_tim_ex.o
HAL_TIMEx_HallSensor_Stop_IT                      build/stm32f4xx_hal_tim_ex.o
HAL_TIMEx_MasterConfigSynchronization             build/stm32f4xx_hal_tim_ex.o
HAL_TIMEx_OCN_Start                               build/stm32f4xx_hal_tim_ex.o
HAL_TIMEx_OCN_Start_DMA                           build/stm32f4xx_hal_tim_ex.o
HAL_TIMEx_OCN_Start_IT                            build/stm32f4xx_hal_tim_ex.o
HAL_TIMEx_OCN_Stop                                build/stm32f4xx_hal_tim_ex.o
HAL_TIMEx_OCN_Stop_DMA                            build/stm32f4xx_hal_tim_ex.o
HAL_TIMEx_OCN_Stop_IT                             build/stm32f4xx_hal_tim_ex.o
HAL_TIMEx_OnePulseN_Start                         build/stm32f4xx_hal_tim_ex.o
HAL_TIMEx_OnePulseN_Start_IT                      build/stm32f4xx_hal_tim_ex.o
HAL_TIMEx_OnePulseN_Stop                          build/stm32f4xx_hal_tim_ex.o
HAL_TIMEx_OnePulseN_Stop_IT                       build/stm32f4xx_hal_tim_ex.o
HAL_TIMEx_PWMN_Start                              build/stm32f4xx_hal_tim_ex.o
HAL_TIMEx_PWMN_Start_DMA                          build/stm32f4xx_hal_tim_ex.o
HAL_TIMEx_PWMN_Start_IT                           build/stm32f4xx_hal_tim_ex.o
HAL_TIMEx_PWMN_Stop                               build/stm32f4xx_hal_tim_ex.o
HAL_TIMEx_PWMN_Stop_DMA                           build/stm32f4xx_hal_tim_ex.o
HAL_TIMEx_PWMN_Stop_IT                            build/stm32f4xx_hal_tim_ex.o
HAL_TIMEx_RemapConfig                             build/stm32f4xx_hal_tim_ex.o
HAL_TIM_Base_DeInit                               build/stm32f4xx_hal_tim.o
HAL_TIM_Base_GetState                             build/stm32f4xx_hal_tim.o
HAL_TIM_Base_Init                                 build/stm32f4xx_hal_tim.o
                                                  build/stm32f4xx_hal_timebase_tim.o
HAL_TIM_Base_MspDeInit                            build/stm32f4xx_hal_tim.o
HAL_TIM_Base_MspInit                              build/stm32f4xx_hal_tim.o
HAL_TIM_Base_Start                                build/stm32f4xx_hal_tim.o
HAL_TIM_Base_Start_DMA                            build/stm32f4xx_hal_tim.o
HAL_TIM_Base_Start_IT                             build/stm32f4xx_hal_tim.o
                                                  build/stm32f4xx_hal_timebase_tim.o
HAL_TIM_Base_Stop                                 build/stm32f4xx_hal_tim.o
HAL_TIM_Base_Stop_DMA                             build/stm32f4xx_hal_tim.o
HAL_TIM_Base_Stop_IT                              build/stm32f4xx_hal_tim.o
HAL_TIM_ConfigClockSource                         build/stm32f4xx_hal_tim.o
HAL_TIM_ConfigOCrefClear                          build/stm32f4xx_hal_tim.o
HAL_TIM_ConfigTI1Input                            build/stm32f4xx_hal_tim.o
HAL_TIM_DMABurstState                             build/stm32f4xx_hal_tim.o
HAL_TIM_DMABurst_MultiReadStart                   build/stm32f4xx_hal_tim.o
HAL_TIM_DMABurst_MultiWriteStart                  build/stm32f4xx_hal_tim.o
HAL_TIM_DMABurst_ReadStart                        build/stm32f4xx_hal_tim.o
HAL_TIM_DMABurst_ReadStop                         build/stm32f4xx_hal_tim.o
HAL_TIM_DMABurst_WriteStart                       build/stm32f4xx_hal_tim.o
HAL_TIM_DMABurst_WriteStop                        build/stm32f4xx_hal_tim.o
HAL_TIM_Encoder_DeInit                            build/stm32f4xx_hal_tim.o
HAL_TIM_Encoder_GetState                          build/stm32f4xx_hal_tim.o
HAL_TIM_Encoder_Init                              build/stm32f4xx_hal_tim.o
HAL_TIM_Encoder_MspDeInit                         build/stm32f4xx_hal_tim.o
HAL_TIM_Encoder_MspInit                           build/stm32f4xx_hal_tim.o
HAL_TIM_Encoder_Start                             build/stm32f4xx_hal_tim.o
HAL_TIM_Encoder_Start_DMA                         build/stm32f4xx_hal_tim.o
HAL_TIM_Encoder_Start_IT                          build/stm32f4xx_hal_tim.o
HAL_TIM_Encoder_Stop                              build/stm32f4xx_hal_tim.o
HAL_TIM_Encoder_Stop_DMA                          build/stm32f4xx_hal_tim.o
HAL_TIM_Encoder_Stop_IT                           build/stm32f4xx_hal_tim.o
HAL_TIM_ErrorCallback                             build/stm32f4xx_hal_tim.o
                                                  build/stm32f4xx_hal_tim_ex.o
HAL_TIM_GenerateEvent                             build/stm32f4xx_hal_tim.o
HAL_TIM_GetActiveChannel                          build/stm32f4xx_hal_tim.o
HAL_TIM_GetChannelState                           build/stm32f4xx_hal_tim.o
HAL_TIM_IC_CaptureCallback                        build/stm32f4xx_hal_tim.o
HAL_TIM_IC_CaptureHalfCpltCallback                build/stm32f4xx_hal_tim.o
HAL_TIM_IC_ConfigChannel                          build/stm32f4xx_hal_tim.o
HAL_TIM_IC_DeInit                                 build/stm32f4xx_hal_tim.o
HAL_TIM_IC_GetState                               build/stm32f4xx_hal_tim.o
HAL_TIM_IC_Init                                   build/stm32f4xx_hal_tim.o
HAL_TIM_IC_MspDeInit                              build/stm32f4xx_hal_tim.o
HAL_TIM_IC_MspInit                                build/stm32f4xx_hal_tim.o
HAL_TIM_IC_Start                                  build/stm32f4xx_hal_tim.o
HAL_TIM_IC_Start_DMA                              build/stm32f4xx_hal_tim.o
HAL_TIM_IC_Start_IT                               build/stm32f4xx_hal_tim.o
HAL_TIM_IC_Stop                                   build/stm32f4xx_hal_tim.o
HAL_TIM_IC_Stop_DMA                               build/stm32f4xx_hal_tim.o
HAL_TIM_IC_Stop_IT                                build/stm32f4xx_hal_tim.o
HAL_TIM_IRQHandler                                build/stm32f4xx_hal_tim.o
                                                  build/stm32f4xx_it.o
HAL_TIM_OC_ConfigChannel                          build/stm32f4xx_hal_tim.o
HAL_TIM_OC_DeInit                                 build/stm32f4xx_hal_tim.o